Information: Using automatic max wire load selection group 'predcaps'. (ENV-003)
Information: Using automatic min wire load selection group 'predcaps'. (ENV-003)
Warning: Some timing arcs have been disabled for breaking timing loops or because of constant propagation. Use the 'report_disable_timing' command to get the list of these disabled timing arcs. (PTE-003)
Information: Building multi voltage information for entire design. (MV-022)
Information: Running averaged power analysis... (PWR-601)
Information: Running power calculation with 4 threads. (PWR-602)
****************************************
Report : Averaged Power
	-hierarchy
	-verbose
	-nosplit
Design : omsp_min_exec
Version: V-2023.12-SP5-4
Date   : Tue May  5 22:52:52 2026
****************************************

Library(s) Used:

    saed32rvt_ss0p75v125c (File: /usr/local/synopsys/pdk/SAED32_EDK/lib/stdcell_rvt/db_nldm/saed32rvt_ss0p75v125c.db)


Operating Conditions: ss0p75v125c   Library: saed32rvt_ss0p75v125c
Wire Load Model Mode: enclosed

Cell               Design       Wire_model  Library       Selection_type
--------------------------------------------------------------------------------
                   omsp_min_exec 16000      saed32rvt_ss0p75v125c automatic-by-area
add_x_91           omsp_min_exec_DW01_add_4 ForQA saed32rvt_ss0p75v125c automatic-by-area
DP_OP_266_126_7087 omsp_min_exec_DP_OP_266_126_7087_1 ForQA saed32rvt_ss0p75v125c automatic-by-area
DP_OP_262_122_9732 omsp_min_exec_DP_OP_262_122_9732_0 ForQA saed32rvt_ss0p75v125c automatic-by-area
DP_OP_265_125_7087 omsp_min_exec_DP_OP_265_125_7087_1 ForQA saed32rvt_ss0p75v125c automatic-by-area
DP_OP_264_124_7087 omsp_min_exec_DP_OP_264_124_7087_2 ForQA saed32rvt_ss0p75v125c automatic-by-area
DP_OP_263_123_7087 omsp_min_exec_DP_OP_263_123_7087_2 ForQA saed32rvt_ss0p75v125c automatic-by-area

Power-specific unit information :
    Voltage Units = 1 V
    Capacitance Units = 0.001 pf
    Time Units = 1 ns
    Dynamic Power Units = 1 W
    Leakage Power Units = 1 W



                                      Int      Switch   Leak     Total
Hierarchy                             Power    Power    Power    Power    %
----------------------------------------------------------------------------------
omsp_min_exec                         9.24e-05 1.32e-05 1.77e-04 2.83e-04 100.0
  add_x_91 (omsp_min_exec_DW01_add_4) 1.24e-06 5.72e-07 1.49e-06 3.30e-06   1.2
  DP_OP_266_126_7087 (omsp_min_exec_DP_OP_266_126_7087_1) 1.83e-06 6.45e-07 1.82e-06 4.29e-06   1.5
  DP_OP_262_122_9732 (omsp_min_exec_DP_OP_262_122_9732_0) 1.92e-06 5.68e-07 2.75e-06 5.24e-06   1.9
  DP_OP_265_125_7087 (omsp_min_exec_DP_OP_265_125_7087_1) 1.52e-06 5.65e-07 1.85e-06 3.93e-06   1.4
  DP_OP_264_124_7087 (omsp_min_exec_DP_OP_264_124_7087_2) 1.53e-06 6.30e-07 1.92e-06 4.09e-06   1.4
  DP_OP_263_123_7087 (omsp_min_exec_DP_OP_263_123_7087_2) 1.42e-06 5.62e-07 1.91e-06 3.89e-06   1.4
1
