Information: Propagating switching activity (low effort zero delay simulation). (PWR-6)
Warning: Design has unannotated primary inputs. (PWR-414)
 
****************************************
Report : power
        -hier
        -analysis_effort low
Design : omsp_alu
Version: W-2024.09-SP5-4
Date   : Tue May  5 00:17:39 2026
****************************************


Library(s) Used:

    saed32rvt_ss0p75v125c (File: /usr/local/synopsys/pdk/SAED32_EDK/lib/stdcell_rvt/db_nldm/saed32rvt_ss0p75v125c.db)


Operating Conditions: ss0p75v125c   Library: saed32rvt_ss0p75v125c
Wire Load Model Mode: enclosed

Design        Wire Load Model            Library
------------------------------------------------
omsp_alu               8000              saed32rvt_ss0p75v125c
omsp_alu_DP_OP_72_126_7159_0
                       ForQA             saed32rvt_ss0p75v125c
omsp_alu_DP_OP_71_125_7159_0
                       ForQA             saed32rvt_ss0p75v125c
omsp_alu_DP_OP_69_123_7159_0
                       ForQA             saed32rvt_ss0p75v125c
omsp_alu_DP_OP_68_122_3245_0
                       ForQA             saed32rvt_ss0p75v125c
omsp_alu_DP_OP_70_124_7159_1
                       ForQA             saed32rvt_ss0p75v125c


Global Operating Voltage = 0.75 
Power-specific unit information :
    Voltage Units = 1V
    Capacitance Units = 1.000000ff
    Time Units = 1ns
    Dynamic Power Units = 1uW    (derived from V,C,T units)
    Leakage Power Units = 1pW


--------------------------------------------------------------------------------
                                       Switch   Int      Leak     Total
Hierarchy                              Power    Power    Power    Power    %
--------------------------------------------------------------------------------
omsp_alu                                  3.250    9.049 2.21e+07   34.439 100.0
  DP_OP_70_124_7159 (omsp_alu_DP_OP_70_124_7159_1)
                                          0.454    1.138 1.81e+06    3.403   9.9
  DP_OP_68_122_3245 (omsp_alu_DP_OP_68_122_3245_0)
                                          0.163    0.804 2.84e+06    3.809  11.1
  DP_OP_69_123_7159 (omsp_alu_DP_OP_69_123_7159_0)
                                          0.289    0.713 7.96e+05    1.798   5.2
  DP_OP_71_125_7159 (omsp_alu_DP_OP_71_125_7159_0)
                                          0.266    0.696 7.92e+05    1.754   5.1
  DP_OP_72_126_7159 (omsp_alu_DP_OP_72_126_7159_0)
                                          0.272    0.709 7.89e+05    1.770   5.1
1
