 
****************************************
Report : reference
Design : omsp_alu
Version: W-2024.09-SP5-4
Date   : Tue May  5 00:17:39 2026
****************************************

Attributes:
    b - black box (unknown)
   bo - allows boundary optimization
    d - dont_touch
   mo - map_only
    h - hierarchical
    n - noncombinational
    r - removable
    s - synthetic operator
    u - contains unmapped logic

Reference          Library       Unit Area   Count    Total Area   Attributes
-----------------------------------------------------------------------------
AND2X1_RVT         saed32rvt_ss0p75v125c
                                  2.033152     180    365.967379  
AND2X2_RVT         saed32rvt_ss0p75v125c
                                  2.287296       2      4.574592  
AO22X1_RVT         saed32rvt_ss0p75v125c
                                  2.541440       5     12.707200  
AO222X1_RVT        saed32rvt_ss0p75v125c
                                  3.303872      17     56.165826  
AOI22X1_RVT        saed32rvt_ss0p75v125c
                                  3.049728       1      3.049728  
INVX0_RVT          saed32rvt_ss0p75v125c
                                  1.270720      24     30.497280  
INVX1_RVT          saed32rvt_ss0p75v125c
                                  1.270720       2      2.541440  
INVX2_RVT          saed32rvt_ss0p75v125c
                                  1.524864       2      3.049728  
NAND2X0_RVT        saed32rvt_ss0p75v125c
                                  1.524864       2      3.049728  
NAND3X0_RVT        saed32rvt_ss0p75v125c
                                  1.779008       1      1.779008  
NBUFFX2_RVT        saed32rvt_ss0p75v125c
                                  2.033152       3      6.099456  
NOR2X0_RVT         saed32rvt_ss0p75v125c
                                  2.541440       2      5.082880  
OA22X1_RVT         saed32rvt_ss0p75v125c
                                  2.541440       3      7.624320  
OR2X1_RVT          saed32rvt_ss0p75v125c
                                  2.033152     153    311.072272  
XOR2X1_RVT         saed32rvt_ss0p75v125c
                                  4.320448      33    142.574781  
omsp_alu_DP_OP_68_122_3245_0    131.900735       1    131.900735  h
omsp_alu_DP_OP_69_123_7159_0     45.745919       1     45.745919  h
omsp_alu_DP_OP_70_124_7159_1    134.442175       1    134.442175  h
omsp_alu_DP_OP_71_125_7159_0     45.745919       1     45.745919  h
omsp_alu_DP_OP_72_126_7159_0     45.745919       1     45.745919  h
-----------------------------------------------------------------------------
Total 20 references                                  1359.416286

****************************************
Design: omsp_alu_DP_OP_68_122_3245_0 
****************************************
Reference          Library       Unit Area   Count    Total Area   Attributes
-----------------------------------------------------------------------------
FADDX1_RVT         saed32rvt_ss0p75v125c
                                  4.828736      15     72.431037  r
HADDX1_RVT         saed32rvt_ss0p75v125c
                                  3.303872      18     59.469698  r
-----------------------------------------------------------------------------
Total 2 references                                    131.900735

****************************************
Design: omsp_alu_DP_OP_69_123_7159_0 
****************************************
Reference          Library       Unit Area   Count    Total Area   Attributes
-----------------------------------------------------------------------------
AND2X1_RVT         saed32rvt_ss0p75v125c
                                  2.033152       1      2.033152  
AO22X1_RVT         saed32rvt_ss0p75v125c
                                  2.541440       1      2.541440  
AOI221X1_RVT       saed32rvt_ss0p75v125c
                                  3.558016       1      3.558016  
FADDX1_RVT         saed32rvt_ss0p75v125c
                                  4.828736       6     28.972415  r
HADDX1_RVT         saed32rvt_ss0p75v125c
                                  3.303872       1      3.303872  r
INVX0_RVT          saed32rvt_ss0p75v125c
                                  1.270720       3      3.812160  
NAND2X0_RVT        saed32rvt_ss0p75v125c
                                  1.524864       1      1.524864  
-----------------------------------------------------------------------------
Total 7 references                                     45.745919

****************************************
Design: omsp_alu_DP_OP_70_124_7159_1 
****************************************
Reference          Library       Unit Area   Count    Total Area   Attributes
-----------------------------------------------------------------------------
AND2X1_RVT         saed32rvt_ss0p75v125c
                                  2.033152       1      2.033152  
AOI21X1_RVT        saed32rvt_ss0p75v125c
                                  3.049728       3      9.149184  
FADDX1_RVT         saed32rvt_ss0p75v125c
                                  4.828736       2      9.657472  r
HADDX1_RVT         saed32rvt_ss0p75v125c
                                  3.303872       1      3.303872  r
INVX0_RVT          saed32rvt_ss0p75v125c
                                  1.270720       6      7.624320  
INVX1_RVT          saed32rvt_ss0p75v125c
                                  1.270720       3      3.812160  
NAND2X0_RVT        saed32rvt_ss0p75v125c
                                  1.524864      13     19.823231  
NOR2X0_RVT         saed32rvt_ss0p75v125c
                                  2.541440       1      2.541440  
NOR2X1_RVT         saed32rvt_ss0p75v125c
                                  2.541440       9     22.872960  
OAI21X1_RVT        saed32rvt_ss0p75v125c
                                  3.049728       5     15.248640  
OR2X1_RVT          saed32rvt_ss0p75v125c
                                  2.033152       4      8.132608  
XNOR2X1_RVT        saed32rvt_ss0p75v125c
                                  4.320448       5     21.602240  
XOR2X1_RVT         saed32rvt_ss0p75v125c
                                  4.320448       2      8.640896  
-----------------------------------------------------------------------------
Total 13 references                                   134.442175

****************************************
Design: omsp_alu_DP_OP_71_125_7159_0 
****************************************
Reference          Library       Unit Area   Count    Total Area   Attributes
-----------------------------------------------------------------------------
AND2X1_RVT         saed32rvt_ss0p75v125c
                                  2.033152       1      2.033152  
AO22X1_RVT         saed32rvt_ss0p75v125c
                                  2.541440       1      2.541440  
AOI221X1_RVT       saed32rvt_ss0p75v125c
                                  3.558016       1      3.558016  
FADDX1_RVT         saed32rvt_ss0p75v125c
                                  4.828736       6     28.972415  r
HADDX1_RVT         saed32rvt_ss0p75v125c
                                  3.303872       1      3.303872  r
INVX0_RVT          saed32rvt_ss0p75v125c
                                  1.270720       3      3.812160  
NAND2X0_RVT        saed32rvt_ss0p75v125c
                                  1.524864       1      1.524864  
-----------------------------------------------------------------------------
Total 7 references                                     45.745919

****************************************
Design: omsp_alu_DP_OP_72_126_7159_0 
****************************************
Reference          Library       Unit Area   Count    Total Area   Attributes
-----------------------------------------------------------------------------
AND2X1_RVT         saed32rvt_ss0p75v125c
                                  2.033152       1      2.033152  
AO22X1_RVT         saed32rvt_ss0p75v125c
                                  2.541440       1      2.541440  
AOI221X1_RVT       saed32rvt_ss0p75v125c
                                  3.558016       1      3.558016  
FADDX1_RVT         saed32rvt_ss0p75v125c
                                  4.828736       6     28.972415  r
HADDX1_RVT         saed32rvt_ss0p75v125c
                                  3.303872       1      3.303872  r
INVX0_RVT          saed32rvt_ss0p75v125c
                                  1.270720       3      3.812160  
NAND2X0_RVT        saed32rvt_ss0p75v125c
                                  1.524864       1      1.524864  
-----------------------------------------------------------------------------
Total 7 references                                     45.745919
1
