 
****************************************
Report : reference
Design : omsp_min_exec
Version: W-2024.09-SP5-4
Date   : Tue May  5 22:51:26 2026
****************************************

Attributes:
    b - black box (unknown)
   bo - allows boundary optimization
    d - dont_touch
   mo - map_only
    h - hierarchical
    n - noncombinational
    r - removable
    s - synthetic operator
    u - contains unmapped logic

Reference          Library       Unit Area   Count    Total Area   Attributes
-----------------------------------------------------------------------------
AND2X1_RVT         saed32rvt_ss0p75v125c
                                  2.033152    1038   2110.411883  
AND2X2_RVT         saed32rvt_ss0p75v125c
                                  2.287296      17     38.884033  
AND3X1_RVT         saed32rvt_ss0p75v125c
                                  2.287296       2      4.574592  
AND4X1_RVT         saed32rvt_ss0p75v125c
                                  2.541440       1      2.541440  
AO21X1_RVT         saed32rvt_ss0p75v125c
                                  2.541440      15     38.121600  
AO22X1_RVT         saed32rvt_ss0p75v125c
                                  2.541440     296    752.266243  
AO22X2_RVT         saed32rvt_ss0p75v125c
                                  2.795584       8     22.364672  
AO221X1_RVT        saed32rvt_ss0p75v125c
                                  3.049728      44    134.188028  
AO222X1_RVT        saed32rvt_ss0p75v125c
                                  3.303872      39    128.851012  
AO222X2_RVT        saed32rvt_ss0p75v125c
                                  3.558016       7     24.906112  
AOI22X1_RVT        saed32rvt_ss0p75v125c
                                  3.049728      31     94.541565  
AOI222X1_RVT       saed32rvt_ss0p75v125c
                                  3.812160       1      3.812160  
DFFARX1_RVT        saed32rvt_ss0p75v125c
                                  7.116032     366   2604.467757  n
DFFARX2_RVT        saed32rvt_ss0p75v125c
                                  7.624320       4     30.497280  n
DFFASRX1_RVT       saed32rvt_ss0p75v125c
                                  7.624320       2     15.248640  n
DFFASX1_RVT        saed32rvt_ss0p75v125c
                                  7.116032       1      7.116032  n
DFFASX2_RVT        saed32rvt_ss0p75v125c
                                  7.624320       1      7.624320  n
FADDX1_RVT         saed32rvt_ss0p75v125c
                                  4.828736       1      4.828736  r
HADDX1_RVT         saed32rvt_ss0p75v125c
                                  3.303872      30     99.116163  r
INVX0_RVT          saed32rvt_ss0p75v125c
                                  1.270720     155    196.961601  
INVX1_RVT          saed32rvt_ss0p75v125c
                                  1.270720      17     21.602240  
INVX2_RVT          saed32rvt_ss0p75v125c
                                  1.524864      11     16.773504  
MUX21X1_RVT        saed32rvt_ss0p75v125c
                                  3.303872     326   1077.062307  
NAND2X0_RVT        saed32rvt_ss0p75v125c
                                  1.524864      53     80.817790  
NAND2X2_RVT        saed32rvt_ss0p75v125c
                                  2.795584       1      2.795584  
NAND3X0_RVT        saed32rvt_ss0p75v125c
                                  1.779008      39     69.381313  
NAND4X0_RVT        saed32rvt_ss0p75v125c
                                  2.033152       1      2.033152  
NBUFFX2_RVT        saed32rvt_ss0p75v125c
                                  2.033152      36     73.193476  
NOR2X0_RVT         saed32rvt_ss0p75v125c
                                  2.541440      42    106.740480  
NOR2X1_RVT         saed32rvt_ss0p75v125c
                                  2.541440       3      7.624320  
NOR3X0_RVT         saed32rvt_ss0p75v125c
                                  2.795584       1      2.795584  
OA21X1_RVT         saed32rvt_ss0p75v125c
                                  2.541440       2      5.082880  
OA22X1_RVT         saed32rvt_ss0p75v125c
                                  2.541440       6     15.248640  
OR2X1_RVT          saed32rvt_ss0p75v125c
                                  2.033152     810   1646.853204  
OR2X2_RVT          saed32rvt_ss0p75v125c
                                  2.287296      14     32.022145  
OR3X1_RVT          saed32rvt_ss0p75v125c
                                  2.541440      13     33.038720  
OR4X1_RVT          saed32rvt_ss0p75v125c
                                  3.558016       2      7.116032  
XNOR2X1_RVT        saed32rvt_ss0p75v125c
                                  4.320448       2      8.640896  
XOR2X1_RVT         saed32rvt_ss0p75v125c
                                  4.320448      32    138.254333  
omsp_min_exec_DP_OP_262_122_9732_0
                                131.900735       1    131.900735  h
omsp_min_exec_DP_OP_263_123_7087_2
                                129.867584       1    129.867584  h
omsp_min_exec_DP_OP_264_124_7087_2
                                136.983615       1    136.983615  h
omsp_min_exec_DP_OP_265_125_7087_1
                                134.696319       1    134.696319  h
omsp_min_exec_DP_OP_266_126_7087_1
                                135.712895       1    135.712895  h
omsp_min_exec_DW01_add_4        132.154878       1    132.154878  h
-----------------------------------------------------------------------------
Total 45 references                                 10469.716498

****************************************
Design: omsp_min_exec_DP_OP_262_122_9732_0 
****************************************
Reference          Library       Unit Area   Count    Total Area   Attributes
-----------------------------------------------------------------------------
FADDX1_RVT         saed32rvt_ss0p75v125c
                                  4.828736      15     72.431037  r
HADDX1_RVT         saed32rvt_ss0p75v125c
                                  3.303872      18     59.469698  r
-----------------------------------------------------------------------------
Total 2 references                                    131.900735

****************************************
Design: omsp_min_exec_DP_OP_263_123_7087_2 
****************************************
Reference          Library       Unit Area   Count    Total Area   Attributes
-----------------------------------------------------------------------------
AND2X1_RVT         saed32rvt_ss0p75v125c
                                  2.033152       1      2.033152  
AO21X1_RVT         saed32rvt_ss0p75v125c
                                  2.541440       1      2.541440  
AOI21X1_RVT        saed32rvt_ss0p75v125c
                                  3.049728       2      6.099456  
FADDX1_RVT         saed32rvt_ss0p75v125c
                                  4.828736       2      9.657472  r
HADDX1_RVT         saed32rvt_ss0p75v125c
                                  3.303872       1      3.303872  r
INVX0_RVT          saed32rvt_ss0p75v125c
                                  1.270720       7      8.895040  
INVX1_RVT          saed32rvt_ss0p75v125c
                                  1.270720       2      2.541440  
NAND2X0_RVT        saed32rvt_ss0p75v125c
                                  1.524864      12     18.298368  
NOR2X0_RVT         saed32rvt_ss0p75v125c
                                  2.541440       5     12.707200  
NOR2X1_RVT         saed32rvt_ss0p75v125c
                                  2.541440       2      5.082880  
OAI21X1_RVT        saed32rvt_ss0p75v125c
                                  3.049728       3      9.149184  
OAI21X2_RVT        saed32rvt_ss0p75v125c
                                  3.303872       2      6.607744  
OR2X1_RVT          saed32rvt_ss0p75v125c
                                  2.033152       6     12.198913  
XNOR2X1_RVT        saed32rvt_ss0p75v125c
                                  4.320448       4     17.281792  
XNOR2X2_RVT        saed32rvt_ss0p75v125c
                                  4.574592       2      9.149184  
XOR2X1_RVT         saed32rvt_ss0p75v125c
                                  4.320448       1      4.320448  
-----------------------------------------------------------------------------
Total 16 references                                   129.867584

****************************************
Design: omsp_min_exec_DP_OP_264_124_7087_2 
****************************************
Reference          Library       Unit Area   Count    Total Area   Attributes
-----------------------------------------------------------------------------
AND2X1_RVT         saed32rvt_ss0p75v125c
                                  2.033152       3      6.099456  
AO21X1_RVT         saed32rvt_ss0p75v125c
                                  2.541440       1      2.541440  
AOI21X1_RVT        saed32rvt_ss0p75v125c
                                  3.049728       4     12.198912  
FADDX1_RVT         saed32rvt_ss0p75v125c
                                  4.828736       1      4.828736  r
HADDX1_RVT         saed32rvt_ss0p75v125c
                                  3.303872       1      3.303872  r
INVX0_RVT          saed32rvt_ss0p75v125c
                                  1.270720       5      6.353600  
INVX1_RVT          saed32rvt_ss0p75v125c
                                  1.270720       5      6.353600  
NAND2X0_RVT        saed32rvt_ss0p75v125c
                                  1.524864      14     21.348095  
NOR2X0_RVT         saed32rvt_ss0p75v125c
                                  2.541440       3      7.624320  
NOR2X1_RVT         saed32rvt_ss0p75v125c
                                  2.541440       2      5.082880  
OAI21X1_RVT        saed32rvt_ss0p75v125c
                                  3.049728       4     12.198912  
OR2X1_RVT          saed32rvt_ss0p75v125c
                                  2.033152       7     14.232065  
XNOR2X1_RVT        saed32rvt_ss0p75v125c
                                  4.320448       5     21.602240  
XNOR2X2_RVT        saed32rvt_ss0p75v125c
                                  4.574592       1      4.574592  
XOR2X1_RVT         saed32rvt_ss0p75v125c
                                  4.320448       2      8.640896  
-----------------------------------------------------------------------------
Total 15 references                                   136.983615

****************************************
Design: omsp_min_exec_DP_OP_265_125_7087_1 
****************************************
Reference          Library       Unit Area   Count    Total Area   Attributes
-----------------------------------------------------------------------------
AND2X1_RVT         saed32rvt_ss0p75v125c
                                  2.033152       1      2.033152  
AO21X1_RVT         saed32rvt_ss0p75v125c
                                  2.541440       1      2.541440  
AOI21X1_RVT        saed32rvt_ss0p75v125c
                                  3.049728       3      9.149184  
FADDX1_RVT         saed32rvt_ss0p75v125c
                                  4.828736       2      9.657472  r
HADDX1_RVT         saed32rvt_ss0p75v125c
                                  3.303872       1      3.303872  r
INVX0_RVT          saed32rvt_ss0p75v125c
                                  1.270720       6      7.624320  
INVX1_RVT          saed32rvt_ss0p75v125c
                                  1.270720       3      3.812160  
NAND2X0_RVT        saed32rvt_ss0p75v125c
                                  1.524864      12     18.298368  
NOR2X0_RVT         saed32rvt_ss0p75v125c
                                  2.541440       3      7.624320  
NOR2X1_RVT         saed32rvt_ss0p75v125c
                                  2.541440       7     17.790080  
OAI21X1_RVT        saed32rvt_ss0p75v125c
                                  3.049728       3      9.149184  
OAI21X2_RVT        saed32rvt_ss0p75v125c
                                  3.303872       1      3.303872  
OR2X1_RVT          saed32rvt_ss0p75v125c
                                  2.033152       5     10.165761  
XNOR2X1_RVT        saed32rvt_ss0p75v125c
                                  4.320448       6     25.922688  
XOR2X1_RVT         saed32rvt_ss0p75v125c
                                  4.320448       1      4.320448  
-----------------------------------------------------------------------------
Total 15 references                                   134.696319

****************************************
Design: omsp_min_exec_DP_OP_266_126_7087_1 
****************************************
Reference          Library       Unit Area   Count    Total Area   Attributes
-----------------------------------------------------------------------------
AOI21X1_RVT        saed32rvt_ss0p75v125c
                                  3.049728       4     12.198912  
FADDX1_RVT         saed32rvt_ss0p75v125c
                                  4.828736       2      9.657472  r
HADDX1_RVT         saed32rvt_ss0p75v125c
                                  3.303872       1      3.303872  r
INVX0_RVT          saed32rvt_ss0p75v125c
                                  1.270720       8     10.165760  
INVX1_RVT          saed32rvt_ss0p75v125c
                                  1.270720       2      2.541440  
NAND2X0_RVT        saed32rvt_ss0p75v125c
                                  1.524864      13     19.823231  
NOR2X0_RVT         saed32rvt_ss0p75v125c
                                  2.541440       3      7.624320  
NOR2X1_RVT         saed32rvt_ss0p75v125c
                                  2.541440       7     17.790080  
OAI21X1_RVT        saed32rvt_ss0p75v125c
                                  3.049728       4     12.198912  
OR2X1_RVT          saed32rvt_ss0p75v125c
                                  2.033152       5     10.165761  
XNOR2X1_RVT        saed32rvt_ss0p75v125c
                                  4.320448       5     21.602240  
XOR2X1_RVT         saed32rvt_ss0p75v125c
                                  4.320448       2      8.640896  
-----------------------------------------------------------------------------
Total 12 references                                   135.712895

****************************************
Design: omsp_min_exec_DW01_add_4 
****************************************
Reference          Library       Unit Area   Count    Total Area   Attributes
-----------------------------------------------------------------------------
INVX0_RVT          saed32rvt_ss0p75v125c
                                  1.270720      14     17.790080  
INVX1_RVT          saed32rvt_ss0p75v125c
                                  1.270720       1      1.270720  
NAND2X0_RVT        saed32rvt_ss0p75v125c
                                  1.524864      17     25.922687  
NBUFFX2_RVT        saed32rvt_ss0p75v125c
                                  2.033152       1      2.033152  
NOR2X1_RVT         saed32rvt_ss0p75v125c
                                  2.541440       8     20.331520  
XNOR2X1_RVT        saed32rvt_ss0p75v125c
                                  4.320448      12     51.845375  
XOR2X1_RVT         saed32rvt_ss0p75v125c
                                  4.320448       3     12.961344  
-----------------------------------------------------------------------------
Total 7 references                                    132.154878
1
