 
****************************************
Report : qor
Design : omsp_min_exec
Version: W-2024.09-SP5-4
Date   : Mon May  4 21:09:27 2026
****************************************


  Timing Path Group (none)
  -----------------------------------
  Levels of Logic:              66.00
  Critical Path Length:         11.09
  Critical Path Slack:         uninit
  Critical Path Clk Period:       n/a
  Total Negative Slack:          0.00
  No. of Violating Paths:        0.00
  Worst Hold Violation:          0.00
  Total Hold Violation:          0.00
  No. of Hold Violations:        0.00
  -----------------------------------


  Cell Count
  -----------------------------------
  Hierarchical Cell Count:         10
  Hierarchical Port Count:        969
  Leaf Cell Count:               2291
  Buf/Inv Cell Count:             364
  Buf Cell Count:                  47
  Inv Cell Count:                 317
  CT Buf/Inv Cell Count:            0
  Combinational Cell Count:      1916
  Sequential Cell Count:          375
  Macro Count:                      0
  -----------------------------------


  Area
  -----------------------------------
  Combinational Area:     4692.006554
  Noncombinational Area:  2669.528622
  Buf/Inv Area:            503.967559
  Total Buffer Area:            95.56
  Total Inverter Area:         408.41
  Macro/Black Box Area:      0.000000
  Net Area:               1950.983423
  -----------------------------------
  Cell Area:              7361.535176
  Design Area:            9312.518599


  Design Rules
  -----------------------------------
  Total Number of Nets:          2534
  Nets With Violations:             0
  Max Trans Violations:             0
  Max Cap Violations:               0
  -----------------------------------


  Hostname: bender.engr.ucr.edu

  Compile CPU Statistics
  -----------------------------------------
  Resource Sharing:                    0.81
  Logic Optimization:                  2.82
  Mapping Optimization:                1.15
  -----------------------------------------
  Overall Compile Time:                8.57
  Overall Compile Wall Clock Time:     8.93

  --------------------------------------------------------------------

  Design  WNS: 0.00  TNS: 0.00  Number of Violating Paths: 0


  Design (Hold)  WNS: 0.00  TNS: 0.00  Number of Violating Paths: 0

  --------------------------------------------------------------------


1
