 
****************************************
Report : area
Design : omsp_min_exec
Version: W-2024.09-SP5-4
Date   : Tue May  5 22:51:26 2026
****************************************

Library(s) Used:

    saed32rvt_ss0p75v125c (File: /usr/local/synopsys/pdk/SAED32_EDK/lib/stdcell_rvt/db_nldm/saed32rvt_ss0p75v125c.db)

Number of ports:                          275
Number of nets:                          4106
Number of cells:                         3793
Number of combinational cells:           3407
Number of sequential cells:               374
Number of macros/black boxes:               0
Number of buf/inv:                        273
Number of references:                      45

Combinational area:               7804.762469
Buf/Inv area:                      377.912133
Noncombinational area:            2664.954030
Macro/Black Box area:                0.000000
Net Interconnect area:            2651.725237

Total cell area:                 10469.716498
Total area:                      13121.441736

Hierarchical area distribution
------------------------------

                                  Global cell area           Local cell area
                                  -------------------  ---------------------------- 
Hierarchical cell                 Absolute    Percent  Combi-     Noncombi-  Black-
                                  Total       Total    national   national   boxes   Design
--------------------------------  ----------  -------  ---------  ---------  ------  ----------------------------------
omsp_min_exec                     10469.7165    100.0  7003.4464  2664.9540  0.0000  omsp_min_exec
DP_OP_262_122_9732                  131.9007      1.3   131.9007     0.0000  0.0000  omsp_min_exec_DP_OP_262_122_9732_0
DP_OP_263_123_7087                  129.8676      1.2   129.8676     0.0000  0.0000  omsp_min_exec_DP_OP_263_123_7087_2
DP_OP_264_124_7087                  136.9836      1.3   136.9836     0.0000  0.0000  omsp_min_exec_DP_OP_264_124_7087_2
DP_OP_265_125_7087                  134.6963      1.3   134.6963     0.0000  0.0000  omsp_min_exec_DP_OP_265_125_7087_1
DP_OP_266_126_7087                  135.7129      1.3   135.7129     0.0000  0.0000  omsp_min_exec_DP_OP_266_126_7087_1
add_x_91                            132.1549      1.3   132.1549     0.0000  0.0000  omsp_min_exec_DW01_add_4
--------------------------------  ----------  -------  ---------  ---------  ------  ----------------------------------
Total                                                  7804.7625  2664.9540  0.0000

1
