 
****************************************
Report : qor
Design : omsp_alu
Version: W-2024.09-SP5-4
Date   : Tue May  5 00:17:38 2026
****************************************


  Timing Path Group 'v_clk'
  -----------------------------------
  Levels of Logic:              58.00
  Critical Path Length:          9.40
  Critical Path Slack:           0.00
  Critical Path Clk Period:     10.00
  Total Negative Slack:          0.00
  No. of Violating Paths:        0.00
  Worst Hold Violation:          0.00
  Total Hold Violation:          0.00
  No. of Hold Violations:        0.00
  -----------------------------------


  Cell Count
  -----------------------------------
  Hierarchical Cell Count:          5
  Hierarchical Port Count:        140
  Leaf Cell Count:                560
  Buf/Inv Cell Count:              49
  Buf Cell Count:                   3
  Inv Cell Count:                  46
  CT Buf/Inv Cell Count:            0
  Combinational Cell Count:       560
  Sequential Cell Count:            0
  Macro Count:                      0
  -----------------------------------


  Area
  -----------------------------------
  Combinational Area:     1359.416286
  Noncombinational Area:     0.000000
  Buf/Inv Area:             65.060864
  Total Buffer Area:             6.10
  Total Inverter Area:          58.96
  Macro/Black Box Area:      0.000000
  Net Area:                248.822301
  -----------------------------------
  Cell Area:              1359.416286
  Design Area:            1608.238587


  Design Rules
  -----------------------------------
  Total Number of Nets:           673
  Nets With Violations:             0
  Max Trans Violations:             0
  Max Cap Violations:               0
  -----------------------------------


  Hostname: bender.engr.ucr.edu

  Compile CPU Statistics
  -----------------------------------------
  Resource Sharing:                    0.18
  Logic Optimization:                  0.06
  Mapping Optimization:                0.27
  -----------------------------------------
  Overall Compile Time:                2.99
  Overall Compile Wall Clock Time:     3.28

  --------------------------------------------------------------------

  Design  WNS: 0.00  TNS: 0.00  Number of Violating Paths: 0


  Design (Hold)  WNS: 0.00  TNS: 0.00  Number of Violating Paths: 0

  --------------------------------------------------------------------


1
