Information: Propagating switching activity (low effort zero delay simulation). (PWR-6)
Warning: There is no defined clock in the design. (PWR-80)
Warning: Design has unannotated primary inputs. (PWR-414)
Warning: Design has unannotated sequential cell outputs. (PWR-415)
 
****************************************
Report : power
        -hier
        -analysis_effort low
Design : omsp_min_exec
Version: W-2024.09-SP5-4
Date   : Mon May  4 21:09:27 2026
****************************************


Library(s) Used:

    saed32rvt_ss0p75v125c (File: /usr/local/synopsys/pdk/SAED32_EDK/lib/stdcell_rvt/db_nldm/saed32rvt_ss0p75v125c.db)


Operating Conditions: ss0p75v125c   Library: saed32rvt_ss0p75v125c
Wire Load Model Mode: enclosed

Design        Wire Load Model            Library
------------------------------------------------
omsp_min_exec          8000              saed32rvt_ss0p75v125c
omsp_frontend          8000              saed32rvt_ss0p75v125c
omsp_execution_unit    8000              saed32rvt_ss0p75v125c
omsp_register_file     8000              saed32rvt_ss0p75v125c
omsp_alu               8000              saed32rvt_ss0p75v125c
omsp_frontend_DW01_add_2
                       ForQA             saed32rvt_ss0p75v125c
omsp_alu_DP_OP_68_122_3245_1
                       ForQA             saed32rvt_ss0p75v125c
omsp_alu_DP_OP_69_123_7159_1
                       ForQA             saed32rvt_ss0p75v125c
omsp_alu_DP_OP_70_124_7159_1
                       ForQA             saed32rvt_ss0p75v125c
omsp_alu_DP_OP_71_125_7159_1
                       ForQA             saed32rvt_ss0p75v125c
omsp_alu_DP_OP_72_126_7159_1
                       ForQA             saed32rvt_ss0p75v125c


Global Operating Voltage = 0.75 
Power-specific unit information :
    Voltage Units = 1V
    Capacitance Units = 1.000000ff
    Time Units = 1ns
    Dynamic Power Units = 1uW    (derived from V,C,T units)
    Leakage Power Units = 1pW


--------------------------------------------------------------------------------
                                       Switch   Int      Leak     Total
Hierarchy                              Power    Power    Power    Power    %
--------------------------------------------------------------------------------
omsp_min_exec                            33.139  124.959 1.15e+08  273.177 100.0
  execution_unit_0 (omsp_execution_unit)
                                         21.855   85.989 8.24e+07  190.238  69.6
    alu_0 (omsp_alu)                      4.861   11.989 1.27e+07   29.560  10.8
      DP_OP_72_126_7159 (omsp_alu_DP_OP_72_126_7159_1)
                                          0.790    2.278 8.70e+05    3.937   1.4
      DP_OP_71_125_7159 (omsp_alu_DP_OP_71_125_7159_1)
                                          0.806    2.291 8.70e+05    3.967   1.5
      DP_OP_70_124_7159 (omsp_alu_DP_OP_70_124_7159_1)
                                          0.678    2.099 8.61e+05    3.639   1.3
      DP_OP_69_123_7159 (omsp_alu_DP_OP_69_123_7159_1)
                                          0.424    1.155 8.27e+05    2.405   0.9
      DP_OP_68_122_3245 (omsp_alu_DP_OP_68_122_3245_1)
                                          1.102    3.384 2.99e+06    7.480   2.7
    register_file_0 (omsp_register_file)
                                         12.815   62.169 5.70e+07  131.937  48.3
  frontend_0 (omsp_frontend)             10.578   36.711 3.14e+07   78.662  28.8
    add_x_83 (omsp_frontend_DW01_add_2)
                                          0.402    1.852 1.41e+06    3.663   1.3
1
