Information: Updating design information... (UID-85)
Information: Timing loop detected. (OPT-150)
	U28/A1 U28/Y execution_unit_0/U109/A1 execution_unit_0/U109/Y execution_unit_0/U108/A3 execution_unit_0/U108/Y execution_unit_0/alu_0/U152/A1 execution_unit_0/alu_0/U152/Y execution_unit_0/alu_0/U147/A execution_unit_0/alu_0/U147/Y execution_unit_0/alu_0/DP_OP_68_122_3245/U37/A execution_unit_0/alu_0/DP_OP_68_122_3245/U37/S 
Information: Timing loop detected. (OPT-150)
	U36/A U36/Y U28/A3 U28/Y execution_unit_0/U109/A1 execution_unit_0/U109/Y execution_unit_0/U108/A3 execution_unit_0/U108/Y execution_unit_0/alu_0/U152/A1 execution_unit_0/alu_0/U152/Y execution_unit_0/alu_0/U147/A execution_unit_0/alu_0/U147/Y execution_unit_0/alu_0/DP_OP_68_122_3245/U37/A execution_unit_0/alu_0/DP_OP_68_122_3245/U37/S 
Warning: Disabling timing arc between pins 'A1' and 'Y' on cell 'U28'
         to break a timing loop. (OPT-314)
Warning: Disabling timing arc between pins 'A1' and 'Y' on cell 'U28'
         to break a timing loop. (OPT-314)
Warning: Disabling timing arc between pins 'A3' and 'Y' on cell 'U28'
         to break a timing loop. (OPT-314)
Warning: Disabling timing arc between pins 'A3' and 'Y' on cell 'U28'
         to break a timing loop. (OPT-314)
Warning: Disabling timing arc between pins 'A1' and 'Y' on cell 'U29'
         to break a timing loop. (OPT-314)
Warning: Disabling timing arc between pins 'A1' and 'Y' on cell 'U29'
         to break a timing loop. (OPT-314)
Warning: Disabling timing arc between pins 'A1' and 'Y' on cell 'U30'
         to break a timing loop. (OPT-314)
Warning: Disabling timing arc between pins 'A1' and 'Y' on cell 'U30'
         to break a timing loop. (OPT-314)
Warning: Disabling timing arc between pins 'A1' and 'Y' on cell 'U31'
         to break a timing loop. (OPT-314)
Warning: Disabling timing arc between pins 'A1' and 'Y' on cell 'U31'
         to break a timing loop. (OPT-314)
Warning: Disabling timing arc between pins 'A1' and 'Y' on cell 'U32'
         to break a timing loop. (OPT-314)
Warning: Disabling timing arc between pins 'A1' and 'Y' on cell 'U32'
         to break a timing loop. (OPT-314)
Warning: Disabling timing arc between pins 'A1' and 'Y' on cell 'U33'
         to break a timing loop. (OPT-314)
Warning: Disabling timing arc between pins 'A1' and 'Y' on cell 'U33'
         to break a timing loop. (OPT-314)
Warning: Disabling timing arc between pins 'A1' and 'Y' on cell 'U19'
         to break a timing loop. (OPT-314)
Warning: Disabling timing arc between pins 'A1' and 'Y' on cell 'U19'
         to break a timing loop. (OPT-314)
Warning: Disabling timing arc between pins 'A1' and 'Y' on cell 'U20'
         to break a timing loop. (OPT-314)
Warning: Disabling timing arc between pins 'A1' and 'Y' on cell 'U20'
         to break a timing loop. (OPT-314)
Warning: Disabling timing arc between pins 'A1' and 'Y' on cell 'U21'
         to break a timing loop. (OPT-314)
Warning: Disabling timing arc between pins 'A1' and 'Y' on cell 'U21'
         to break a timing loop. (OPT-314)
Warning: Disabling timing arc between pins 'A1' and 'Y' on cell 'U22'
         to break a timing loop. (OPT-314)
Warning: Disabling timing arc between pins 'A1' and 'Y' on cell 'U22'
         to break a timing loop. (OPT-314)
Warning: Disabling timing arc between pins 'A1' and 'Y' on cell 'U23'
         to break a timing loop. (OPT-314)
Warning: Disabling timing arc between pins 'A1' and 'Y' on cell 'U23'
         to break a timing loop. (OPT-314)
Warning: Disabling timing arc between pins 'A1' and 'Y' on cell 'U24'
         to break a timing loop. (OPT-314)
Warning: Disabling timing arc between pins 'A1' and 'Y' on cell 'U24'
         to break a timing loop. (OPT-314)
Warning: Disabling timing arc between pins 'A1' and 'Y' on cell 'U25'
         to break a timing loop. (OPT-314)
Warning: Disabling timing arc between pins 'A1' and 'Y' on cell 'U25'
         to break a timing loop. (OPT-314)
Warning: Disabling timing arc between pins 'A1' and 'Y' on cell 'U26'
         to break a timing loop. (OPT-314)
Warning: Disabling timing arc between pins 'A1' and 'Y' on cell 'U26'
         to break a timing loop. (OPT-314)
Warning: Disabling timing arc between pins 'A1' and 'Y' on cell 'U27'
         to break a timing loop. (OPT-314)
Warning: Disabling timing arc between pins 'A1' and 'Y' on cell 'U27'
         to break a timing loop. (OPT-314)
Warning: Disabling timing arc between pins 'A1' and 'Y' on cell 'U34'
         to break a timing loop. (OPT-314)
Warning: Disabling timing arc between pins 'A1' and 'Y' on cell 'U34'
         to break a timing loop. (OPT-314)
Warning: Disabling timing arc between pins 'A3' and 'Y' on cell 'U29'
         to break a timing loop. (OPT-314)
Warning: Disabling timing arc between pins 'A3' and 'Y' on cell 'U29'
         to break a timing loop. (OPT-314)
Warning: Disabling timing arc between pins 'A3' and 'Y' on cell 'U30'
         to break a timing loop. (OPT-314)
Warning: Disabling timing arc between pins 'A3' and 'Y' on cell 'U30'
         to break a timing loop. (OPT-314)
Warning: Disabling timing arc between pins 'A3' and 'Y' on cell 'U31'
         to break a timing loop. (OPT-314)
Warning: Disabling timing arc between pins 'A3' and 'Y' on cell 'U31'
         to break a timing loop. (OPT-314)
Warning: Disabling timing arc between pins 'A3' and 'Y' on cell 'U32'
         to break a timing loop. (OPT-314)
Warning: Disabling timing arc between pins 'A3' and 'Y' on cell 'U32'
         to break a timing loop. (OPT-314)
Warning: Disabling timing arc between pins 'A3' and 'Y' on cell 'U33'
         to break a timing loop. (OPT-314)
Warning: Disabling timing arc between pins 'A3' and 'Y' on cell 'U33'
         to break a timing loop. (OPT-314)
Warning: Disabling timing arc between pins 'A3' and 'Y' on cell 'U19'
         to break a timing loop. (OPT-314)
Warning: Disabling timing arc between pins 'A3' and 'Y' on cell 'U19'
         to break a timing loop. (OPT-314)
Warning: Disabling timing arc between pins 'A3' and 'Y' on cell 'U20'
         to break a timing loop. (OPT-314)
Warning: Disabling timing arc between pins 'A3' and 'Y' on cell 'U20'
         to break a timing loop. (OPT-314)
Warning: Disabling timing arc between pins 'A3' and 'Y' on cell 'U21'
         to break a timing loop. (OPT-314)
Warning: Disabling timing arc between pins 'A3' and 'Y' on cell 'U21'
         to break a timing loop. (OPT-314)
Warning: Disabling timing arc between pins 'A3' and 'Y' on cell 'U22'
         to break a timing loop. (OPT-314)
Warning: Disabling timing arc between pins 'A3' and 'Y' on cell 'U22'
         to break a timing loop. (OPT-314)
Warning: Disabling timing arc between pins 'A3' and 'Y' on cell 'U23'
         to break a timing loop. (OPT-314)
Warning: Disabling timing arc between pins 'A3' and 'Y' on cell 'U23'
         to break a timing loop. (OPT-314)
Warning: Disabling timing arc between pins 'A3' and 'Y' on cell 'U24'
         to break a timing loop. (OPT-314)
Warning: Disabling timing arc between pins 'A3' and 'Y' on cell 'U24'
         to break a timing loop. (OPT-314)
Warning: Disabling timing arc between pins 'A3' and 'Y' on cell 'U25'
         to break a timing loop. (OPT-314)
Warning: Disabling timing arc between pins 'A3' and 'Y' on cell 'U25'
         to break a timing loop. (OPT-314)
Warning: Disabling timing arc between pins 'A3' and 'Y' on cell 'U26'
         to break a timing loop. (OPT-314)
Warning: Disabling timing arc between pins 'A3' and 'Y' on cell 'U26'
         to break a timing loop. (OPT-314)
Warning: Disabling timing arc between pins 'A3' and 'Y' on cell 'U27'
         to break a timing loop. (OPT-314)
Warning: Disabling timing arc between pins 'A3' and 'Y' on cell 'U27'
         to break a timing loop. (OPT-314)
Warning: Disabling timing arc between pins 'A3' and 'Y' on cell 'U34'
         to break a timing loop. (OPT-314)
Warning: Disabling timing arc between pins 'A3' and 'Y' on cell 'U34'
         to break a timing loop. (OPT-314)
 
****************************************
Report : timing
        -path full
        -delay max
        -max_paths 1
Design : omsp_min_exec
Version: W-2024.09-SP5-4
Date   : Tue May  5 21:46:56 2026
****************************************

Operating Conditions: ss0p75v125c   Library: saed32rvt_ss0p75v125c
Wire Load Model Mode: enclosed

  Startpoint: frontend_0/inst_type_reg_0_
              (rising edge-triggered flip-flop clocked by mclk)
  Endpoint: execution_unit_0/register_file_0/r2_reg_0_
            (rising edge-triggered flip-flop clocked by mclk)
  Path Group: mclk
  Path Type: max

  Des/Clust/Port     Wire Load Model       Library
  ------------------------------------------------
  omsp_min_exec      8000                  saed32rvt_ss0p75v125c
  omsp_frontend      8000                  saed32rvt_ss0p75v125c
  omsp_register_file 8000                  saed32rvt_ss0p75v125c
  omsp_execution_unit
                     8000                  saed32rvt_ss0p75v125c
  omsp_alu           8000                  saed32rvt_ss0p75v125c
  omsp_alu_DP_OP_69_123_7159_1
                     ForQA                 saed32rvt_ss0p75v125c
  omsp_alu_DP_OP_70_124_7159_2
                     ForQA                 saed32rvt_ss0p75v125c
  omsp_alu_DP_OP_71_125_7159_2
                     ForQA                 saed32rvt_ss0p75v125c
  omsp_alu_DP_OP_72_126_7159_1
                     ForQA                 saed32rvt_ss0p75v125c

  Point                                                   Incr       Path
  --------------------------------------------------------------------------
  clock mclk (rise edge)                                  4.00       4.00
  clock network delay (ideal)                             0.00       4.00
  frontend_0/inst_type_reg_0_/CLK (DFFARX1_RVT)           0.00       4.00 r
  frontend_0/inst_type_reg_0_/Q (DFFARX1_RVT)             0.35       4.35 r
  frontend_0/U337/Y (AND4X1_RVT)                          0.21       4.56 r
  frontend_0/U336/Y (NAND3X0_RVT)                         0.14       4.69 f
  frontend_0/U311/Y (OAI222X1_RVT)                        0.35       5.04 r
  frontend_0/inst_src[1] (omsp_frontend)                  0.00       5.04 r
  execution_unit_0/inst_src[1] (omsp_execution_unit)      0.00       5.04 r
  execution_unit_0/register_file_0/inst_src[1] (omsp_register_file)
                                                          0.00       5.04 r
  execution_unit_0/register_file_0/U627/Y (NAND2X0_RVT)
                                                          0.09       5.13 f
  execution_unit_0/register_file_0/U351/Y (INVX2_RVT)     0.12       5.25 r
  execution_unit_0/register_file_0/U72/Y (AO22X1_RVT)     0.14       5.39 r
  execution_unit_0/register_file_0/U71/Y (AO221X1_RVT)
                                                          0.14       5.53 r
  execution_unit_0/register_file_0/U11/Y (OR4X1_RVT)      0.24       5.77 r
  execution_unit_0/register_file_0/reg_src[2] (omsp_register_file)
                                                          0.00       5.77 r
  execution_unit_0/U37/Y (AO221X1_RVT)                    0.15       5.92 r
  execution_unit_0/U36/Y (AO221X1_RVT)                    0.17       6.09 r
  execution_unit_0/alu_0/op_src[2] (omsp_alu)             0.00       6.09 r
  execution_unit_0/alu_0/U6/Y (INVX0_RVT)                 0.06       6.15 f
  execution_unit_0/alu_0/U130/Y (OA22X1_RVT)              0.14       6.29 f
  execution_unit_0/alu_0/U7/Y (INVX0_RVT)                 0.14       6.43 r
  execution_unit_0/alu_0/DP_OP_69_123_7159/I1[2] (omsp_alu_DP_OP_69_123_7159_1)
                                                          0.00       6.43 r
  execution_unit_0/alu_0/DP_OP_69_123_7159/U70/Y (NOR2X0_RVT)
                                                          0.18       6.61 f
  execution_unit_0/alu_0/DP_OP_69_123_7159/U67/Y (OAI21X1_RVT)
                                                          0.23       6.84 r
  execution_unit_0/alu_0/DP_OP_69_123_7159/U65/Y (AOI21X1_RVT)
                                                          0.13       6.97 f
  execution_unit_0/alu_0/DP_OP_69_123_7159/U104/Y (OA21X1_RVT)
                                                          0.14       7.12 f
  execution_unit_0/alu_0/DP_OP_69_123_7159/U30/Y (NOR2X0_RVT)
                                                          0.16       7.28 r
  execution_unit_0/alu_0/DP_OP_69_123_7159/U26/Y (OAI21X2_RVT)
                                                          0.20       7.47 f
  execution_unit_0/alu_0/DP_OP_69_123_7159/U7/Y (AOI21X1_RVT)
                                                          0.21       7.68 r
  execution_unit_0/alu_0/DP_OP_69_123_7159/U1/Y (XOR2X2_RVT)
                                                          0.21       7.90 f
  execution_unit_0/alu_0/DP_OP_69_123_7159/O2[4] (omsp_alu_DP_OP_69_123_7159_1)
                                                          0.00       7.90 f
  execution_unit_0/alu_0/DP_OP_70_124_7159/I3 (omsp_alu_DP_OP_70_124_7159_2)
                                                          0.00       7.90 f
  execution_unit_0/alu_0/DP_OP_70_124_7159/U51/Y (AOI21X1_RVT)
                                                          0.22       8.12 r
  execution_unit_0/alu_0/DP_OP_70_124_7159/O1 (omsp_alu_DP_OP_70_124_7159_2)
                                                          0.00       8.12 r
  execution_unit_0/alu_0/U236/Y (INVX0_RVT)               0.05       8.17 f
  execution_unit_0/alu_0/DP_OP_70_124_7159/I4[1] (omsp_alu_DP_OP_70_124_7159_2)
                                                          0.00       8.17 f
  execution_unit_0/alu_0/DP_OP_70_124_7159/U12/Y (NOR2X1_RVT)
                                                          0.16       8.33 r
  execution_unit_0/alu_0/DP_OP_70_124_7159/U9/Y (OAI21X1_RVT)
                                                          0.21       8.54 f
  execution_unit_0/alu_0/DP_OP_70_124_7159/U7/Y (AOI21X1_RVT)
                                                          0.15       8.69 r
  execution_unit_0/alu_0/DP_OP_70_124_7159/U128/Y (XOR2X1_RVT)
                                                          0.25       8.94 f
  execution_unit_0/alu_0/DP_OP_70_124_7159/O2[4] (omsp_alu_DP_OP_70_124_7159_2)
                                                          0.00       8.94 f
  execution_unit_0/alu_0/DP_OP_71_125_7159/I3 (omsp_alu_DP_OP_71_125_7159_2)
                                                          0.00       8.94 f
  execution_unit_0/alu_0/DP_OP_71_125_7159/U51/Y (AOI21X1_RVT)
                                                          0.23       9.17 r
  execution_unit_0/alu_0/DP_OP_71_125_7159/U29/Y (NOR2X0_RVT)
                                                          0.15       9.32 f
  execution_unit_0/alu_0/DP_OP_71_125_7159/U143/Y (OAI21X1_RVT)
                                                          0.24       9.56 r
  execution_unit_0/alu_0/DP_OP_71_125_7159/U147/Y (AO21X1_RVT)
                                                          0.15       9.71 r
  execution_unit_0/alu_0/DP_OP_71_125_7159/U140/Y (XNOR2X1_RVT)
                                                          0.23       9.94 r
  execution_unit_0/alu_0/DP_OP_71_125_7159/O2[4] (omsp_alu_DP_OP_71_125_7159_2)
                                                          0.00       9.94 r
  execution_unit_0/alu_0/DP_OP_72_126_7159/I3 (omsp_alu_DP_OP_72_126_7159_1)
                                                          0.00       9.94 r
  execution_unit_0/alu_0/DP_OP_72_126_7159/U42/Y (AOI21X1_RVT)
                                                          0.18      10.12 f
  execution_unit_0/alu_0/DP_OP_72_126_7159/O1 (omsp_alu_DP_OP_72_126_7159_1)
                                                          0.00      10.12 f
  execution_unit_0/alu_0/U234/Y (INVX1_RVT)               0.06      10.18 r
  execution_unit_0/alu_0/DP_OP_72_126_7159/I4[2] (omsp_alu_DP_OP_72_126_7159_1)
                                                          0.00      10.18 r
  execution_unit_0/alu_0/DP_OP_72_126_7159/U131/Y (INVX0_RVT)
                                                          0.04      10.23 f
  execution_unit_0/alu_0/DP_OP_72_126_7159/U28/Y (NAND2X0_RVT)
                                                          0.10      10.33 r
  execution_unit_0/alu_0/DP_OP_72_126_7159/U137/Y (OAI21X1_RVT)
                                                          0.25      10.57 f
  execution_unit_0/alu_0/DP_OP_72_126_7159/U15/Y (AOI21X1_RVT)
                                                          0.22      10.80 r
  execution_unit_0/alu_0/DP_OP_72_126_7159/U6/Y (XOR2X2_RVT)
                                                          0.19      10.99 f
  execution_unit_0/alu_0/DP_OP_72_126_7159/O2[3] (omsp_alu_DP_OP_72_126_7159_1)
                                                          0.00      10.99 f
  execution_unit_0/alu_0/U40/Y (AO222X1_RVT)              0.16      11.14 f
  execution_unit_0/alu_0/U210/Y (OR2X1_RVT)               0.14      11.28 f
  execution_unit_0/alu_0/U55/Y (AO221X1_RVT)              0.22      11.51 f
  execution_unit_0/alu_0/U103/Y (AO21X1_RVT)              0.15      11.66 f
  execution_unit_0/alu_0/alu_stat[0] (omsp_alu)           0.00      11.66 f
  execution_unit_0/register_file_0/alu_stat[0] (omsp_register_file)
                                                          0.00      11.66 f
  execution_unit_0/register_file_0/U645/Y (OA221X1_RVT)
                                                          0.17      11.83 f
  execution_unit_0/register_file_0/r2_reg_0_/D (DFFASRX1_RVT)
                                                          0.00      11.83 f
  data arrival time                                                 11.83

  clock mclk (rise edge)                                 12.00      12.00
  clock network delay (ideal)                             0.00      12.00
  execution_unit_0/register_file_0/r2_reg_0_/CLK (DFFASRX1_RVT)
                                                          0.00      12.00 r
  library setup time                                     -0.16      11.84
  data required time                                                11.84
  --------------------------------------------------------------------------
  data required time                                                11.84
  data arrival time                                                -11.83
  --------------------------------------------------------------------------
  slack (MET)                                                        0.01


1
