****************************************
Report : Averaged Power
	-cell_power
	-verbose
	-sort_by cell_internal_power
Design : omsp_alu
Version: V-2023.12-SP5-4
Date   : Tue May  5 10:30:39 2026
****************************************

Library(s) Used:

    saed32rvt_ss0p75v125c (File: /usr/local/synopsys/pdk/SAED32_EDK/lib/stdcell_rvt/db_nldm/saed32rvt_ss0p75v125c.db)


Operating Conditions: ss0p75v125c   Library: saed32rvt_ss0p75v125c
Wire Load Model Mode: enclosed

Cell               Design       Wire_model  Library       Selection_type
--------------------------------------------------------------------------------
                   omsp_alu     8000        saed32rvt_ss0p75v125c
                                                          automatic-by-area
DP_OP_69_123_7159  omsp_alu_DP_OP_69_123_7159_0
                                ForQA       saed32rvt_ss0p75v125c
                                                          automatic-by-area
DP_OP_72_126_7159  omsp_alu_DP_OP_72_126_7159_0
                                ForQA       saed32rvt_ss0p75v125c
                                                          automatic-by-area
DP_OP_70_124_7159  omsp_alu_DP_OP_70_124_7159_1
                                ForQA       saed32rvt_ss0p75v125c
                                                          automatic-by-area
DP_OP_71_125_7159  omsp_alu_DP_OP_71_125_7159_0
                                ForQA       saed32rvt_ss0p75v125c
                                                          automatic-by-area
DP_OP_68_122_3245  omsp_alu_DP_OP_68_122_3245_0
                                ForQA       saed32rvt_ss0p75v125c
                                                          automatic-by-area

Power-specific unit information :
    Voltage Units = 1 V
    Capacitance Units = 0.001 pf
    Time Units = 1 ns
    Dynamic Power Units = 1 W
    Leakage Power Units = 1 W



  Attributes
  ----------
      a  -  Annotated internal | leakage | switching power 
      b  -  Black-box (unresolved) cell
      c  -  Clock pin internal power only
      d  -  Does not include clock pin internal power
      h  -  Hierarchical cell

                        Internal  Switching Leakage   Total
Cell                    Power     Power     Power     Power    (     %)   Attrs
--------------------------------------------------------------------------------
DP_OP_68_122_3245       2.091e-06 4.734e-07 2.903e-06 5.468e-06 (14.86%)  h
DP_OP_70_124_7159       1.381e-06 5.481e-07 1.819e-06 3.748e-06 (10.19%)  h
DP_OP_72_126_7159       8.563e-07 3.182e-07 7.722e-07 1.947e-06 ( 5.29%)  h
DP_OP_71_125_7159       8.166e-07 3.061e-07 7.774e-07 1.900e-06 ( 5.16%)  h
DP_OP_69_123_7159       7.278e-07 2.900e-07 7.850e-07 1.803e-06 ( 4.90%)  h
U22                     6.635e-08 4.629e-08 3.403e-08 1.467e-07 ( 0.40%)  
U25                     6.179e-08 1.773e-08 3.235e-08 1.119e-07 ( 0.30%)  
U63                     5.264e-08 6.293e-09 5.139e-08 1.103e-07 ( 0.30%)  
U26                     4.959e-08 1.418e-08 3.186e-08 9.563e-08 ( 0.26%)  
U27                     4.860e-08 1.418e-08 3.382e-08 9.660e-08 ( 0.26%)  
C453                    4.746e-08 3.146e-09 5.122e-08 1.018e-07 ( 0.28%)  
U62                     4.737e-08 5.664e-09 5.169e-08 1.047e-07 ( 0.28%)  
U58                     4.725e-08 5.664e-09 5.138e-08 1.043e-07 ( 0.28%)  
U12                     4.720e-08 7.487e-11 3.402e-08 8.129e-08 ( 0.22%)  
C449                    4.677e-08 2.517e-09 5.125e-08 1.005e-07 ( 0.27%)  
U24                     4.430e-08 1.276e-08 3.180e-08 8.887e-08 ( 0.24%)  
U23                     4.398e-08 1.276e-08 3.305e-08 8.979e-08 ( 0.24%)  
U21                     4.324e-08 1.240e-08 3.310e-08 8.875e-08 ( 0.24%)  
C282                    4.266e-08 1.093e-08 3.797e-08 9.156e-08 ( 0.25%)  
C283                    4.252e-08 1.093e-08 3.892e-08 9.237e-08 ( 0.25%)  
U37                     4.196e-08 5.034e-09 5.159e-08 9.858e-08 ( 0.27%)  
U88                     4.178e-08 5.573e-09 4.433e-08 9.169e-08 ( 0.25%)  
U90                     4.160e-08 6.324e-09 4.402e-08 9.195e-08 ( 0.25%)  
U32                     4.067e-08 5.692e-09 3.082e-08 7.719e-08 ( 0.21%)  
C284                    4.034e-08 1.012e-08 3.885e-08 8.931e-08 ( 0.24%)  
U11                     3.998e-08 6.755e-09 3.466e-08 8.140e-08 ( 0.22%)  
U40                     3.954e-08 4.720e-09 5.148e-08 9.574e-08 ( 0.26%)  
U52                     3.941e-08 4.720e-09 5.145e-08 9.558e-08 ( 0.26%)  
U9                      3.918e-08 5.823e-11 3.495e-08 7.420e-08 ( 0.20%)  
U35                     3.908e-08 1.119e-08 3.435e-08 8.462e-08 ( 0.23%)  
C454                    3.906e-08 3.146e-09 5.101e-08 9.322e-08 ( 0.25%)  
C451                    3.815e-08 2.517e-09 5.111e-08 9.178e-08 ( 0.25%)  
U28                     3.685e-08 1.064e-08 3.294e-08 8.042e-08 ( 0.22%)  
U46                     3.657e-08 4.405e-09 5.112e-08 9.210e-08 ( 0.25%)  
C328                    3.592e-08 4.221e-09 5.108e-08 9.122e-08 ( 0.25%)  
C333                    3.592e-08 4.221e-09 5.092e-08 9.106e-08 ( 0.25%)  
U67                     3.592e-08 4.221e-09 5.108e-08 9.122e-08 ( 0.25%)  
U34                     3.482e-08 4.981e-09 3.135e-08 7.116e-08 ( 0.19%)  
C448                    3.377e-08 2.517e-09 5.085e-08 8.714e-08 ( 0.24%)  
C452                    3.375e-08 2.517e-09 5.096e-08 8.723e-08 ( 0.24%)  
C285                    3.374e-08 8.501e-09 3.886e-08 8.110e-08 ( 0.22%)  
C286                    3.365e-08 8.501e-09 3.923e-08 8.139e-08 ( 0.22%)  
C296                    3.260e-08 8.096e-09 3.705e-08 7.775e-08 ( 0.21%)  
U77                     3.247e-08 3.079e-08 5.118e-08 1.144e-07 ( 0.31%)  
U85                     3.244e-08 3.398e-08 5.094e-08 1.174e-07 ( 0.32%)  
U13                     3.213e-08 6.542e-09 3.625e-08 7.492e-08 ( 0.20%)  
C297                    3.186e-08 7.691e-09 3.717e-08 7.672e-08 ( 0.21%)  
C331                    3.132e-08 4.221e-09 5.084e-08 8.638e-08 ( 0.23%)  
C721                    3.102e-08 6.359e-09 3.541e-08 7.278e-08 ( 0.20%)  
C302                    3.046e-08 7.691e-09 3.981e-08 7.797e-08 ( 0.21%)  
U30                     3.043e-08 4.269e-09 3.034e-08 6.504e-08 ( 0.18%)  
U20                     3.043e-08 4.269e-09 3.109e-08 6.579e-08 ( 0.18%)  
U82                     3.038e-08 4.120e-08 5.124e-08 1.228e-07 ( 0.33%)  
U29                     3.033e-08 1.682e-08 3.016e-08 7.731e-08 ( 0.21%)  
U31                     3.024e-08 4.269e-09 2.993e-08 6.443e-08 ( 0.18%)  
C287                    3.022e-08 7.741e-09 3.842e-08 7.638e-08 ( 0.21%)  
C303                    3.002e-08 7.741e-09 3.885e-08 7.661e-08 ( 0.21%)  
U33                     2.979e-08 4.269e-09 3.039e-08 6.445e-08 ( 0.18%)  
U64                     2.952e-08 2.517e-09 5.101e-08 8.305e-08 ( 0.23%)  
C290                    2.875e-08 7.287e-09 3.651e-08 7.254e-08 ( 0.20%)  
U69                     2.872e-08 3.869e-09 5.110e-08 8.369e-08 ( 0.23%)  
C291                    2.863e-08 7.287e-09 3.729e-08 7.320e-08 ( 0.20%)  
C300                    2.806e-08 6.882e-09 3.945e-08 7.439e-08 ( 0.20%)  
U89                     2.788e-08 2.778e-08 5.126e-08 1.069e-07 ( 0.29%)  
U14                     2.772e-08 5.139e-09 3.459e-08 6.745e-08 ( 0.18%)  
C301                    2.751e-08 6.882e-09 3.940e-08 7.379e-08 ( 0.20%)  
C298                    2.737e-08 6.882e-09 3.948e-08 7.373e-08 ( 0.20%)  
C299                    2.732e-08 6.882e-09 3.994e-08 7.413e-08 ( 0.20%)  
U55                     2.617e-08 3.146e-09 5.117e-08 8.049e-08 ( 0.22%)  
C292                    2.615e-08 6.477e-09 3.734e-08 6.997e-08 ( 0.19%)  
C294                    2.587e-08 6.477e-09 3.752e-08 6.987e-08 ( 0.19%)  
U86                     2.584e-08 3.775e-08 5.100e-08 1.146e-07 ( 0.31%)  
C293                    2.558e-08 6.477e-09 3.769e-08 6.975e-08 ( 0.19%)  
C295                    2.557e-08 6.477e-09 3.771e-08 6.977e-08 ( 0.19%)  
U68                     2.548e-08 2.814e-09 5.084e-08 7.913e-08 ( 0.22%)  
U84                     2.525e-08 3.021e-08 5.116e-08 1.066e-07 ( 0.29%)  
C607                    2.492e-08 5.168e-09 3.827e-08 6.835e-08 ( 0.19%)  
U83                     2.469e-08 1.852e-08 5.092e-08 9.413e-08 ( 0.26%)  
U65                     2.423e-08 1.888e-09 5.073e-08 7.685e-08 ( 0.21%)  
C327                    2.352e-08 3.166e-09 5.126e-08 7.795e-08 ( 0.21%)  
C698                    2.306e-08 4.845e-09 3.876e-08 6.666e-08 ( 0.18%)  
C330                    2.286e-08 2.462e-09 5.094e-08 7.626e-08 ( 0.21%)  
U87                     2.270e-08 2.161e-08 5.086e-08 9.517e-08 ( 0.26%)  
C646                    2.164e-08 4.522e-09 3.802e-08 6.418e-08 ( 0.17%)  
C620                    2.163e-08 4.522e-09 3.827e-08 6.442e-08 ( 0.18%)  
C722                    2.100e-08 4.579e-09 3.284e-08 5.842e-08 ( 0.16%)  
C633                    2.023e-08 4.199e-09 3.723e-08 6.166e-08 ( 0.17%)  
C729                    1.999e-08 3.329e-09 3.539e-08 5.871e-08 ( 0.16%)  
C439                    1.991e-08 3.776e-09 3.618e-08 5.987e-08 ( 0.16%)  
C672                    1.977e-08 4.199e-09 3.876e-08 6.274e-08 ( 0.17%)  
C432                    1.948e-08 3.776e-09 3.656e-08 5.981e-08 ( 0.16%)  
C431                    1.933e-08 3.776e-09 3.617e-08 5.927e-08 ( 0.16%)  
C437                    1.922e-08 3.776e-09 3.645e-08 5.944e-08 ( 0.16%)  
C658                    1.887e-08 4.858e-09 3.498e-08 5.870e-08 ( 0.16%)  
C619                    1.885e-08 4.858e-09 3.545e-08 5.916e-08 ( 0.16%)  
C685                    1.880e-08 3.876e-09 3.744e-08 6.011e-08 ( 0.16%)  
C632                    1.866e-08 4.858e-09 3.591e-08 5.943e-08 ( 0.16%)  
C516                    1.844e-08 3.876e-09 3.669e-08 5.901e-08 ( 0.16%)  
C723                    1.827e-08 4.221e-09 3.980e-08 6.228e-08 ( 0.17%)  
C441                    1.818e-08 3.461e-09 3.637e-08 5.801e-08 ( 0.16%)  
C731                    1.813e-08 4.221e-09 4.006e-08 6.241e-08 ( 0.17%)  
C350                    1.812e-08 3.662e-08 3.844e-08 9.318e-08 ( 0.25%)  
C568                    1.799e-08 3.876e-09 3.713e-08 5.900e-08 ( 0.16%)  
C443                    1.764e-08 3.461e-09 3.767e-08 5.877e-08 ( 0.16%)  
C391                    1.749e-08 1.332e-08 4.451e-08 7.532e-08 ( 0.20%)  
C645                    1.739e-08 4.453e-09 3.369e-08 5.553e-08 ( 0.15%)  
C429                    1.727e-08 3.461e-09 3.380e-08 5.453e-08 ( 0.15%)  
C427                    1.727e-08 3.461e-09 3.205e-08 5.278e-08 ( 0.14%)  
C710                    1.719e-08 4.453e-09 3.602e-08 5.767e-08 ( 0.16%)  
C684                    1.715e-08 4.453e-09 3.649e-08 5.809e-08 ( 0.16%)  
C659                    1.698e-08 3.553e-09 3.672e-08 5.725e-08 ( 0.16%)  
U17                     1.694e-08 3.146e-09 3.591e-08 5.599e-08 ( 0.15%)  
C442                    1.668e-08 3.146e-09 3.641e-08 5.623e-08 ( 0.15%)  
C436                    1.667e-08 3.146e-09 3.633e-08 5.615e-08 ( 0.15%)  
C730                    1.626e-08 3.522e-09 3.174e-08 5.153e-08 ( 0.14%)  
U19                     1.625e-08 4.870e-09 3.518e-08 5.630e-08 ( 0.15%)  
C435                    1.625e-08 3.146e-09 3.614e-08 5.554e-08 ( 0.15%)  
C434                    1.619e-08 3.146e-09 3.639e-08 5.573e-08 ( 0.15%)  
C433                    1.612e-08 3.146e-09 3.549e-08 5.476e-08 ( 0.15%)  
C425                    1.602e-08 3.146e-09 3.023e-08 4.939e-08 ( 0.13%)  
C503                    1.599e-08 3.230e-09 3.540e-08 5.462e-08 ( 0.15%)  
C580                    1.595e-08 4.048e-09 3.358e-08 5.358e-08 ( 0.15%)  
C528                    1.586e-08 4.048e-09 3.358e-08 5.349e-08 ( 0.15%)  
C419                    1.570e-08 3.146e-09 2.764e-08 4.648e-08 ( 0.13%)  
C581                    1.559e-08 3.230e-09 3.622e-08 5.504e-08 ( 0.15%)  
C555                    1.559e-08 3.230e-09 3.622e-08 5.504e-08 ( 0.15%)  
C542                    1.552e-08 3.230e-09 3.624e-08 5.499e-08 ( 0.15%)  
C354                    1.552e-08 3.546e-08 3.843e-08 8.940e-08 ( 0.24%)  
C346                    1.532e-08 3.051e-08 3.835e-08 8.418e-08 ( 0.23%)  
C397                    1.464e-08 1.110e-08 4.355e-08 6.930e-08 ( 0.19%)  
C403                    1.462e-08 1.110e-08 4.379e-08 6.952e-08 ( 0.19%)  
C383                    1.458e-08 1.110e-08 4.451e-08 7.018e-08 ( 0.19%)  
C671                    1.423e-08 3.643e-09 3.323e-08 5.110e-08 ( 0.14%)  
U10                     1.398e-08 2.565e-09 3.414e-08 5.069e-08 ( 0.14%)  
C608                    1.365e-08 2.818e-09 3.498e-08 5.146e-08 ( 0.14%)  
C609                    1.365e-08 2.818e-09 3.498e-08 5.146e-08 ( 0.14%)  
U5                      1.332e-08 5.546e-11 2.214e-08 3.552e-08 ( 0.10%)  
C610                    1.321e-08 2.818e-09 3.499e-08 5.101e-08 ( 0.14%)  
C401                    1.316e-08 9.992e-09 4.445e-08 6.760e-08 ( 0.18%)  
C411                    1.315e-08 5.208e-09 4.326e-08 6.162e-08 ( 0.17%)  
C407                    1.313e-08 9.992e-09 4.302e-08 6.614e-08 ( 0.18%)  
C445                    1.311e-08 2.517e-09 3.656e-08 5.219e-08 ( 0.14%)  
C529                    1.301e-08 2.584e-09 3.540e-08 5.100e-08 ( 0.14%)  
C438                    1.289e-08 2.517e-09 3.645e-08 5.185e-08 ( 0.14%)  
C423                    1.284e-08 2.517e-09 3.034e-08 4.570e-08 ( 0.12%)  
C554                    1.275e-08 3.239e-09 3.312e-08 4.910e-08 ( 0.13%)  
C415                    1.272e-08 2.517e-09 2.845e-08 4.368e-08 ( 0.12%)  
C594                    1.269e-08 2.850e-09 3.581e-08 5.135e-08 ( 0.14%)  
C697                    1.262e-08 3.239e-09 3.358e-08 4.944e-08 ( 0.13%)  
C358                    1.249e-08 2.837e-08 3.846e-08 7.931e-08 ( 0.22%)  
C359                    1.249e-08 2.837e-08 3.846e-08 7.931e-08 ( 0.22%)  
C356                    1.244e-08 2.837e-08 3.846e-08 7.927e-08 ( 0.22%)  
C348                    1.240e-08 2.441e-08 3.838e-08 7.520e-08 ( 0.20%)  
C351                    1.239e-08 2.441e-08 3.843e-08 7.523e-08 ( 0.20%)  
C349                    1.219e-08 2.441e-08 3.846e-08 7.506e-08 ( 0.20%)  
C345                    1.217e-08 2.716e-08 3.848e-08 7.781e-08 ( 0.21%)  
C480                    1.207e-08 2.386e-09 3.541e-08 4.987e-08 ( 0.14%)  
C446                    1.185e-08 2.203e-09 3.633e-08 5.038e-08 ( 0.14%)  
C440                    1.184e-08 2.203e-09 3.610e-08 5.015e-08 ( 0.14%)  
C399                    1.170e-08 8.882e-09 4.332e-08 6.390e-08 ( 0.17%)  
C387                    1.166e-08 8.882e-09 4.474e-08 6.529e-08 ( 0.18%)  
C389                    1.166e-08 8.882e-09 4.498e-08 6.552e-08 ( 0.18%)  
C393                    1.166e-08 8.882e-09 4.498e-08 6.552e-08 ( 0.18%)  
C381                    1.166e-08 8.882e-09 4.521e-08 6.576e-08 ( 0.18%)  
C342                    1.049e-08 3.576e-08 4.299e-08 8.924e-08 ( 0.24%)  
C711                    1.049e-08 5.225e-09 4.118e-08 5.690e-08 ( 0.15%)  
C483                    1.038e-08 2.387e-09 4.445e-08 5.721e-08 ( 0.16%)  
C715                    1.030e-08 5.789e-09 4.118e-08 5.727e-08 ( 0.16%)  
C485                    1.029e-08 4.962e-09 3.523e-08 5.048e-08 ( 0.14%)  
C486                    1.024e-08 2.113e-09 3.523e-08 4.758e-08 ( 0.13%)  
C504                    1.024e-08 2.113e-09 3.498e-08 4.734e-08 ( 0.13%)  
C530                    1.024e-08 2.113e-09 3.498e-08 4.734e-08 ( 0.13%)  
C531                    1.024e-08 2.113e-09 3.498e-08 4.734e-08 ( 0.13%)  
C621                    1.024e-08 2.113e-09 3.498e-08 4.734e-08 ( 0.13%)  
C622                    1.024e-08 2.113e-09 3.498e-08 4.734e-08 ( 0.13%)  
C634                    1.024e-08 2.113e-09 3.490e-08 4.726e-08 ( 0.13%)  
C635                    1.024e-08 2.113e-09 3.490e-08 4.726e-08 ( 0.13%)  
C647                    1.024e-08 2.113e-09 3.490e-08 4.726e-08 ( 0.13%)  
C648                    1.024e-08 2.113e-09 3.490e-08 4.726e-08 ( 0.13%)  
C686                    1.024e-08 2.113e-09 3.499e-08 4.734e-08 ( 0.13%)  
C687                    1.024e-08 2.113e-09 3.499e-08 4.734e-08 ( 0.13%)  
C699                    1.024e-08 2.113e-09 3.499e-08 4.734e-08 ( 0.13%)  
C700                    1.024e-08 2.113e-09 3.498e-08 4.734e-08 ( 0.13%)  
C505                    1.024e-08 2.113e-09 3.498e-08 4.734e-08 ( 0.13%)  
C506                    1.024e-08 2.113e-09 3.498e-08 4.734e-08 ( 0.13%)  
C532                    1.024e-08 2.113e-09 3.498e-08 4.734e-08 ( 0.13%)  
C623                    1.024e-08 2.113e-09 3.498e-08 4.734e-08 ( 0.13%)  
C636                    1.024e-08 2.113e-09 3.490e-08 4.726e-08 ( 0.13%)  
C649                    1.024e-08 2.113e-09 3.490e-08 4.726e-08 ( 0.13%)  
C701                    1.024e-08 2.113e-09 3.498e-08 4.734e-08 ( 0.13%)  
C405                    1.021e-08 7.771e-09 4.468e-08 6.266e-08 ( 0.17%)  
C487                    1.007e-08 2.113e-09 3.549e-08 4.767e-08 ( 0.13%)  
C727                    9.996e-09 6.018e-09 2.983e-08 4.584e-08 ( 0.12%)  
U15                     9.940e-09 1.665e-09 3.173e-08 4.334e-08 ( 0.12%)  
C688                    9.763e-09 2.113e-09 3.535e-08 4.722e-08 ( 0.13%)  
C726                    9.756e-09 2.429e-09 3.670e-08 4.889e-08 ( 0.13%)  
C515                    9.743e-09 2.429e-09 3.219e-08 4.436e-08 ( 0.12%)  
C488                    9.724e-09 2.113e-09 3.580e-08 4.764e-08 ( 0.13%)  
I_20                    9.717e-09 8.496e-09 9.701e-09 2.791e-08 ( 0.08%)  
C593                    9.713e-09 2.429e-09 3.265e-08 4.480e-08 ( 0.12%)  
C567                    9.713e-09 2.429e-09 3.266e-08 4.480e-08 ( 0.12%)  
C650                    9.652e-09 2.113e-09 3.492e-08 4.668e-08 ( 0.13%)  
C637                    9.651e-09 2.113e-09 3.493e-08 4.669e-08 ( 0.13%)  
C702                    9.638e-09 2.113e-09 3.536e-08 4.711e-08 ( 0.13%)  
C533                    9.637e-09 2.113e-09 3.535e-08 4.710e-08 ( 0.13%)  
C507                    9.637e-09 2.113e-09 3.535e-08 4.710e-08 ( 0.13%)  
C624                    9.637e-09 2.113e-09 3.535e-08 4.710e-08 ( 0.13%)  
C611                    9.637e-09 2.113e-09 3.536e-08 4.711e-08 ( 0.13%)  
C417                    9.595e-09 1.888e-09 2.726e-08 3.874e-08 ( 0.11%)  
C352                    9.503e-09 1.831e-08 3.843e-08 6.624e-08 ( 0.18%)  
C347                    9.503e-09 1.831e-08 3.843e-08 6.624e-08 ( 0.18%)  
C357                    9.474e-09 2.127e-08 3.848e-08 6.923e-08 ( 0.19%)  
C360                    9.439e-09 2.127e-08 3.844e-08 6.916e-08 ( 0.19%)  
C353                    9.407e-09 2.334e-08 3.843e-08 7.117e-08 ( 0.19%)  
C444                    8.765e-09 1.573e-09 3.600e-08 4.634e-08 ( 0.13%)  
C409                    8.750e-09 6.661e-09 4.450e-08 5.992e-08 ( 0.16%)  
C385                    8.747e-09 6.661e-09 4.521e-08 6.062e-08 ( 0.16%)  
C395                    8.747e-09 6.661e-09 4.498e-08 6.038e-08 ( 0.16%)  
U7                      7.630e-09 5.710e-09 1.345e-08 2.679e-08 ( 0.07%)  
I_16                    7.279e-09 3.411e-08 3.622e-08 7.760e-08 ( 0.21%)  
I_10                    6.904e-09 1.228e-08 1.721e-08 3.640e-08 ( 0.10%)  
U70                     6.889e-09 1.071e-08 9.701e-09 2.730e-08 ( 0.07%)  
C517                    6.827e-09 1.409e-09 3.490e-08 4.314e-08 ( 0.12%)  
C518                    6.827e-09 1.409e-09 3.490e-08 4.314e-08 ( 0.12%)  
C543                    6.827e-09 1.409e-09 3.490e-08 4.314e-08 ( 0.12%)  
C544                    6.827e-09 1.409e-09 3.490e-08 4.314e-08 ( 0.12%)  
C556                    6.827e-09 1.409e-09 3.498e-08 4.322e-08 ( 0.12%)  
C557                    6.827e-09 1.409e-09 3.498e-08 4.322e-08 ( 0.12%)  
C582                    6.827e-09 1.409e-09 3.498e-08 4.322e-08 ( 0.12%)  
C583                    6.827e-09 1.409e-09 3.498e-08 4.322e-08 ( 0.12%)  
C595                    6.827e-09 1.409e-09 3.498e-08 4.322e-08 ( 0.12%)  
C596                    6.827e-09 1.409e-09 3.498e-08 4.322e-08 ( 0.12%)  
C660                    6.827e-09 1.409e-09 3.498e-08 4.322e-08 ( 0.12%)  
C661                    6.827e-09 1.409e-09 3.498e-08 4.322e-08 ( 0.12%)  
C673                    6.827e-09 1.409e-09 3.499e-08 4.322e-08 ( 0.12%)  
C674                    6.827e-09 1.409e-09 3.499e-08 4.322e-08 ( 0.12%)  
C519                    6.827e-09 1.409e-09 3.490e-08 4.314e-08 ( 0.12%)  
C545                    6.827e-09 1.409e-09 3.490e-08 4.314e-08 ( 0.12%)  
C558                    6.827e-09 1.409e-09 3.498e-08 4.322e-08 ( 0.12%)  
C584                    6.827e-09 1.409e-09 3.498e-08 4.322e-08 ( 0.12%)  
C597                    6.827e-09 1.409e-09 3.498e-08 4.322e-08 ( 0.12%)  
C662                    6.827e-09 1.409e-09 3.498e-08 4.322e-08 ( 0.12%)  
C675                    6.827e-09 1.409e-09 3.498e-08 4.322e-08 ( 0.12%)  
C745                    6.698e-09 1.363e-09 3.539e-08 4.345e-08 ( 0.12%)  
C520                    6.633e-09 1.409e-09 3.491e-08 4.295e-08 ( 0.12%)  
C546                    6.633e-09 1.409e-09 3.491e-08 4.295e-08 ( 0.12%)  
C654                    6.606e-09 1.619e-09 3.156e-08 3.979e-08 ( 0.11%)  
C541                    6.598e-09 1.619e-09 3.219e-08 4.041e-08 ( 0.11%)  
C420                    6.578e-09 1.259e-09 2.689e-08 3.473e-08 ( 0.09%)  
C426                    6.576e-09 1.259e-09 3.162e-08 3.946e-08 ( 0.11%)  
C606                    6.575e-09 1.619e-09 3.266e-08 4.085e-08 ( 0.11%)  
C706                    6.550e-09 1.619e-09 3.168e-08 3.985e-08 ( 0.11%)  
C615                    6.550e-09 1.619e-09 3.171e-08 3.988e-08 ( 0.11%)  
C418                    6.535e-09 1.259e-09 2.599e-08 3.378e-08 ( 0.09%)  
C680                    6.469e-09 1.619e-09 3.368e-08 4.177e-08 ( 0.11%)  
C628                    6.451e-09 1.619e-09 3.276e-08 4.083e-08 ( 0.11%)  
C641                    6.450e-09 1.619e-09 3.070e-08 3.877e-08 ( 0.11%)  
C667                    6.449e-09 1.619e-09 3.291e-08 4.098e-08 ( 0.11%)  
C489                    6.441e-09 1.409e-09 3.535e-08 4.320e-08 ( 0.12%)  
C355                    6.437e-09 1.418e-08 3.853e-08 5.915e-08 ( 0.16%)  
C421                    6.421e-09 1.259e-09 2.688e-08 3.456e-08 ( 0.09%)  
C510                    6.368e-09 1.619e-09 2.744e-08 3.543e-08 ( 0.10%)  
C589                    6.358e-09 1.619e-09 2.872e-08 3.670e-08 ( 0.10%)  
C703                    6.340e-09 1.409e-09 3.530e-08 4.305e-08 ( 0.12%)  
C693                    6.340e-09 1.619e-09 2.973e-08 3.769e-08 ( 0.10%)  
C511                    6.333e-09 1.619e-09 2.677e-08 3.472e-08 ( 0.09%)  
C536                    6.324e-09 1.619e-09 2.642e-08 3.437e-08 ( 0.09%)  
C523                    6.314e-09 1.619e-09 3.046e-08 3.839e-08 ( 0.10%)  
C689                    6.310e-09 1.409e-09 3.492e-08 4.264e-08 ( 0.12%)  
C563                    6.309e-09 1.619e-09 2.773e-08 3.566e-08 ( 0.10%)  
C559                    6.302e-09 1.409e-09 3.534e-08 4.305e-08 ( 0.12%)  
C585                    6.302e-09 1.409e-09 3.534e-08 4.305e-08 ( 0.12%)  
C663                    6.302e-09 1.409e-09 3.535e-08 4.306e-08 ( 0.12%)  
C598                    6.302e-09 1.409e-09 3.535e-08 4.306e-08 ( 0.12%)  
C676                    6.302e-09 1.409e-09 3.536e-08 4.307e-08 ( 0.12%)  
C602                    6.290e-09 1.619e-09 2.868e-08 3.659e-08 ( 0.10%)  
C614                    6.264e-09 1.619e-09 3.456e-08 4.244e-08 ( 0.12%)  
C640                    6.262e-09 1.619e-09 3.173e-08 3.961e-08 ( 0.11%)  
C549                    6.259e-09 1.619e-09 2.944e-08 3.732e-08 ( 0.10%)  
C537                    6.255e-09 1.619e-09 2.676e-08 3.463e-08 ( 0.09%)  
I_15                    6.246e-09 3.422e-08 3.622e-08 7.668e-08 ( 0.21%)  
C653                    6.199e-09 1.619e-09 3.448e-08 4.230e-08 ( 0.11%)  
C627                    6.085e-09 1.619e-09 3.574e-08 4.344e-08 ( 0.12%)  
C751                    6.008e-09 2.619e-09 4.470e-08 5.333e-08 ( 0.14%)  
C625                    5.872e-09 1.409e-09 3.529e-08 4.257e-08 ( 0.12%)  
C638                    5.872e-09 1.409e-09 3.529e-08 4.257e-08 ( 0.12%)  
C651                    5.872e-09 1.409e-09 3.529e-08 4.257e-08 ( 0.12%)  
C612                    5.872e-09 1.409e-09 3.529e-08 4.257e-08 ( 0.12%)  
C521                    5.872e-09 1.409e-09 3.529e-08 4.258e-08 ( 0.12%)  
C534                    5.872e-09 1.409e-09 3.529e-08 4.258e-08 ( 0.12%)  
C547                    5.872e-09 1.409e-09 3.529e-08 4.258e-08 ( 0.12%)  
C508                    5.872e-09 1.409e-09 3.529e-08 4.258e-08 ( 0.12%)  
I_11                    5.728e-09 9.882e-09 1.721e-08 3.282e-08 ( 0.09%)  
U78                     5.431e-09 1.825e-08 5.491e-08 7.860e-08 ( 0.21%)  
C424                    5.153e-09 9.439e-10 2.791e-08 3.401e-08 ( 0.09%)  
U73                     5.146e-09 1.383e-08 9.701e-09 2.868e-08 ( 0.08%)  
U74                     4.979e-09 6.495e-10 4.923e-08 5.486e-08 ( 0.15%)  
U72                     4.779e-09 1.285e-08 9.701e-09 2.733e-08 ( 0.07%)  
U66                     4.311e-09 3.776e-09 9.701e-09 1.779e-08 ( 0.05%)  
I_18                    3.719e-09 3.517e-09 9.701e-09 1.694e-08 ( 0.05%)  
C735                    3.557e-09 1.892e-09 2.559e-08 3.104e-08 ( 0.08%)  
C428                    3.447e-09 6.293e-10 2.845e-08 3.253e-08 ( 0.09%)  
C569                    3.413e-09 7.044e-10 3.490e-08 3.902e-08 ( 0.11%)  
C570                    3.413e-09 7.044e-10 3.490e-08 3.902e-08 ( 0.11%)  
C571                    3.413e-09 7.044e-10 3.490e-08 3.902e-08 ( 0.11%)  
C576                    3.397e-09 8.096e-10 2.868e-08 3.289e-08 ( 0.09%)  
C588                    3.360e-09 8.096e-10 2.947e-08 3.364e-08 ( 0.09%)  
C524                    3.352e-09 8.096e-10 2.769e-08 3.185e-08 ( 0.09%)  
C550                    3.352e-09 8.096e-10 2.769e-08 3.185e-08 ( 0.09%)  
C704                    3.344e-09 7.044e-10 2.765e-08 3.170e-08 ( 0.09%)  
C694                    3.342e-09 8.096e-10 3.375e-08 3.790e-08 ( 0.10%)  
C562                    3.311e-09 8.096e-10 2.844e-08 3.256e-08 ( 0.09%)  
C616                    3.304e-09 8.096e-10 2.841e-08 3.253e-08 ( 0.09%)  
C666                    3.301e-09 8.096e-10 3.479e-08 3.890e-08 ( 0.11%)  
C575                    3.294e-09 8.096e-10 3.047e-08 3.457e-08 ( 0.09%)  
C572                    3.294e-09 7.044e-10 3.491e-08 3.891e-08 ( 0.11%)  
C601                    3.242e-09 8.096e-10 2.945e-08 3.350e-08 ( 0.09%)  
C734                    3.240e-09 8.096e-10 4.199e-08 4.604e-08 ( 0.13%)  
C692                    3.230e-09 8.096e-10 3.150e-08 3.554e-08 ( 0.10%)  
C705                    3.175e-09 8.096e-10 3.783e-08 4.181e-08 ( 0.11%)  
C679                    3.117e-09 8.096e-10 3.784e-08 4.177e-08 ( 0.11%)  
I_19                    3.071e-09 2.517e-09 9.701e-09 1.529e-08 ( 0.04%)  
C744                    2.990e-09 8.096e-10 3.530e-08 3.910e-08 ( 0.11%)  
C664                    2.936e-09 7.044e-10 3.530e-08 3.894e-08 ( 0.11%)  
C677                    2.936e-09 7.044e-10 3.530e-08 3.894e-08 ( 0.11%)  
C690                    2.936e-09 7.044e-10 3.530e-08 3.894e-08 ( 0.11%)  
C560                    2.936e-09 7.044e-10 3.530e-08 3.894e-08 ( 0.11%)  
C573                    2.936e-09 7.044e-10 3.530e-08 3.894e-08 ( 0.11%)  
C586                    2.936e-09 7.044e-10 3.530e-08 3.894e-08 ( 0.11%)  
C599                    2.936e-09 7.044e-10 3.530e-08 3.894e-08 ( 0.11%)  
C750                    2.923e-09 6.293e-10 4.066e-08 4.421e-08 ( 0.12%)  
I_21                    2.890e-09 2.814e-09 9.701e-09 1.541e-08 ( 0.04%)  
I_3                     2.688e-09 2.834e-09 9.701e-09 1.522e-08 ( 0.04%)  
U18                     2.643e-09 1.339e-08 9.701e-09 2.574e-08 ( 0.07%)  
U76                     2.550e-09 4.894e-09 9.701e-09 1.714e-08 ( 0.05%)  
I_13                    2.529e-09 2.080e-09 9.701e-09 1.431e-08 ( 0.04%)  
U36                     2.474e-09 3.665e-08 9.701e-09 4.883e-08 ( 0.13%)  
U8                      2.355e-09 1.215e-09 1.100e-08 1.457e-08 ( 0.04%)  
I_22                    2.184e-09 1.888e-09 9.701e-09 1.377e-08 ( 0.04%)  
I_25                    1.463e-09 2.270e-09 9.701e-09 1.343e-08 ( 0.04%)  
I_26                    7.677e-10 1.334e-09 9.701e-09 1.180e-08 ( 0.03%)  
C551                    5.126e-10    0.0000 3.147e-08 3.198e-08 ( 0.09%)  
C603                    5.126e-10    0.0000 3.147e-08 3.198e-08 ( 0.09%)  
C655                    4.796e-10    0.0000 2.969e-08 3.017e-08 ( 0.08%)  
C590                    4.466e-10    0.0000 2.843e-08 2.887e-08 ( 0.08%)  
C629                    4.466e-10    0.0000 3.350e-08 3.394e-08 ( 0.09%)  
C416                    4.303e-10    0.0000 2.374e-08 2.417e-08 ( 0.07%)  
C564                    4.135e-10    0.0000 3.172e-08 3.214e-08 ( 0.09%)  
C643                    3.965e-10    0.0000 3.128e-08 3.167e-08 ( 0.09%)  
C695                    3.965e-10    0.0000 3.128e-08 3.167e-08 ( 0.09%)  
C708                    3.965e-10    0.0000 2.919e-08 2.958e-08 ( 0.08%)  
C668                    3.805e-10    0.0000 3.045e-08 3.083e-08 ( 0.08%)  
C525                    3.805e-10    0.0000 2.843e-08 2.881e-08 ( 0.08%)  
C642                    3.805e-10    0.0000 3.248e-08 3.286e-08 ( 0.09%)  
C707                    3.805e-10    0.0000 2.944e-08 2.982e-08 ( 0.08%)  
C678                    3.651e-10    0.0000 2.561e-08 2.598e-08 ( 0.07%)  
C539                    3.635e-10    0.0000 2.945e-08 2.981e-08 ( 0.08%)  
C604                    3.635e-10    0.0000 3.258e-08 3.295e-08 ( 0.09%)  
C644                    3.635e-10    0.0000 2.945e-08 2.981e-08 ( 0.08%)  
C709                    3.635e-10    0.0000 3.258e-08 3.295e-08 ( 0.09%)  
C538                    3.474e-10    0.0000 3.375e-08 3.410e-08 ( 0.09%)  
C577                    3.474e-10    0.0000 2.969e-08 3.004e-08 ( 0.08%)  
C681                    3.474e-10    0.0000 2.868e-08 2.903e-08 ( 0.08%)  
C574                    3.447e-10    0.0000 2.338e-08 2.372e-08 ( 0.06%)  
C652                    3.399e-10    0.0000 2.441e-08 2.475e-08 ( 0.07%)  
C513                    3.304e-10    0.0000 3.337e-08 3.370e-08 ( 0.09%)  
C514                    3.304e-10    0.0000 3.337e-08 3.370e-08 ( 0.09%)  
C527                    3.304e-10    0.0000 3.337e-08 3.370e-08 ( 0.09%)  
C540                    3.304e-10    0.0000 3.337e-08 3.370e-08 ( 0.09%)  
C553                    3.304e-10    0.0000 3.337e-08 3.370e-08 ( 0.09%)  
C566                    3.304e-10    0.0000 3.337e-08 3.370e-08 ( 0.09%)  
C579                    3.304e-10    0.0000 3.337e-08 3.370e-08 ( 0.09%)  
C592                    3.304e-10    0.0000 3.337e-08 3.370e-08 ( 0.09%)  
C605                    3.304e-10    0.0000 3.337e-08 3.370e-08 ( 0.09%)  
C618                    3.304e-10    0.0000 3.337e-08 3.370e-08 ( 0.09%)  
C682                    3.304e-10    0.0000 2.814e-08 2.847e-08 ( 0.08%)  
C522                    2.990e-10    0.0000 2.437e-08 2.467e-08 ( 0.07%)  
C578                    2.974e-10    0.0000 3.363e-08 3.392e-08 ( 0.09%)  
C656                    2.974e-10    0.0000 3.154e-08 3.184e-08 ( 0.09%)  
C683                    2.974e-10    0.0000 3.363e-08 3.392e-08 ( 0.09%)  
C626                    2.952e-10    0.0000 2.443e-08 2.473e-08 ( 0.07%)  
C512                    2.904e-10    0.0000 2.944e-08 2.973e-08 ( 0.08%)  
C526                    2.644e-10    0.0000 3.232e-08 3.259e-08 ( 0.09%)  
C552                    2.644e-10    0.0000 3.023e-08 3.050e-08 ( 0.08%)  
C591                    2.644e-10    0.0000 2.919e-08 2.945e-08 ( 0.08%)  
C617                    2.644e-10    0.0000 2.814e-08 2.841e-08 ( 0.08%)  
C631                    2.644e-10    0.0000 3.232e-08 3.259e-08 ( 0.09%)  
C657                    2.644e-10    0.0000 3.023e-08 3.050e-08 ( 0.08%)  
C696                    2.644e-10    0.0000 2.919e-08 2.945e-08 ( 0.08%)  
C548                    2.533e-10    0.0000 2.337e-08 2.363e-08 ( 0.06%)  
C613                    2.438e-10    0.0000 2.435e-08 2.460e-08 ( 0.07%)  
C565                    2.313e-10    0.0000 2.840e-08 2.864e-08 ( 0.08%)  
C630                    2.313e-10    0.0000 3.363e-08 3.386e-08 ( 0.09%)  
C669                    2.313e-10    0.0000 2.945e-08 2.968e-08 ( 0.08%)  
C670                    2.313e-10    0.0000 2.840e-08 2.864e-08 ( 0.08%)  
C600                    2.076e-10    0.0000 2.235e-08 2.256e-08 ( 0.06%)  
C561                    2.076e-10    0.0000 2.234e-08 2.255e-08 ( 0.06%)  
C587                    2.076e-10    0.0000 2.234e-08 2.255e-08 ( 0.06%)  
C665                    2.067e-10    0.0000 2.334e-08 2.354e-08 ( 0.06%)  
C639                    1.833e-10    0.0000 2.257e-08 2.275e-08 ( 0.06%)  
C691                    1.614e-10    0.0000 2.334e-08 2.350e-08 ( 0.06%)  
C509                    1.591e-10    0.0000 2.234e-08 2.250e-08 ( 0.06%)  
U75                     1.575e-10    0.0000 5.393e-08 5.409e-08 ( 0.15%)  
C535                    1.161e-10    0.0000 2.132e-08 2.144e-08 ( 0.06%)  
C748                    4.749e-11    0.0000 4.512e-08 4.517e-08 ( 0.12%)  
C361                       0.0000    0.0000 5.016e-08 5.016e-08 ( 0.14%)  
C362                       0.0000    0.0000 3.482e-08 3.482e-08 ( 0.09%)  
C363                       0.0000    0.0000 3.482e-08 3.482e-08 ( 0.09%)  
C364                       0.0000    0.0000 3.482e-08 3.482e-08 ( 0.09%)  
C365                       0.0000    0.0000 3.482e-08 3.482e-08 ( 0.09%)  
C366                       0.0000    0.0000 3.482e-08 3.482e-08 ( 0.09%)  
C367                       0.0000    0.0000 3.482e-08 3.482e-08 ( 0.09%)  
C368                       0.0000    0.0000 4.616e-08 4.616e-08 ( 0.13%)  
C370                       0.0000    0.0000 2.083e-08 2.083e-08 ( 0.06%)  
C371                       0.0000    0.0000 4.616e-08 4.616e-08 ( 0.13%)  
C373                       0.0000    0.0000 4.616e-08 4.616e-08 ( 0.13%)  
C375                       0.0000    0.0000 2.083e-08 2.083e-08 ( 0.06%)  
C376                       0.0000    0.0000 4.616e-08 4.616e-08 ( 0.13%)  
C378                       0.0000    0.0000 2.083e-08 2.083e-08 ( 0.06%)  
C464                       0.0000    0.0000 3.279e-08 3.279e-08 ( 0.09%)  
C465                       0.0000    0.0000 3.482e-08 3.482e-08 ( 0.09%)  
C466                       0.0000    0.0000 2.083e-08 2.083e-08 ( 0.06%)  
C712                       0.0000    0.0000 3.482e-08 3.482e-08 ( 0.09%)  
C752                       0.0000    0.0000 4.616e-08 4.616e-08 ( 0.13%)  
I_2                        0.0000    0.0000 9.701e-09 9.701e-09 ( 0.03%)  
I_4                        0.0000    0.0000 9.701e-09 9.701e-09 ( 0.03%)  
I_5                        0.0000    0.0000 9.701e-09 9.701e-09 ( 0.03%)  
I_6                        0.0000    0.0000 9.701e-09 9.701e-09 ( 0.03%)  
I_7                        0.0000    0.0000 9.701e-09 9.701e-09 ( 0.03%)  
I_27                       0.0000    0.0000 9.701e-09 9.701e-09 ( 0.03%)  
U61                        0.0000    0.0000 9.701e-09 9.701e-09 ( 0.03%)  
U71                        0.0000    0.0000 9.701e-09 9.701e-09 ( 0.03%)  
U79                        0.0000    0.0000 6.416e-08 6.416e-08 ( 0.17%)  
U80                        0.0000    0.0000 6.416e-08 6.416e-08 ( 0.17%)  
U81                        0.0000    0.0000 6.416e-08 6.416e-08 ( 0.17%)  
--------------------------------------------------------------------------------
Totals (435 cells)      1.105e-05 3.926e-06 2.183e-05 3.680e-05 (100.0%)
1
