Information: Using automatic max wire load selection group 'predcaps'. (ENV-003)
Information: Using automatic min wire load selection group 'predcaps'. (ENV-003)
Information: Building multi voltage information for entire design. (MV-022)
Information: Running averaged power analysis... (PWR-601)
Information: Running power calculation with 4 threads. (PWR-602)
****************************************
Report : Averaged Power
	-hierarchy
	-verbose
	-nosplit
Design : omsp_alu
Version: V-2023.12-SP5-4
Date   : Tue Jun  2 15:18:12 2026
****************************************

Library(s) Used:

    saed32rvt_ss0p75v125c (File: /usr/local/synopsys/pdk/SAED32_EDK/lib/stdcell_rvt/db_nldm/saed32rvt_ss0p75v125c.db)


Operating Conditions: ss0p75v125c   Library: saed32rvt_ss0p75v125c
Wire Load Model Mode: enclosed

Cell               Design       Wire_model  Library       Selection_type
--------------------------------------------------------------------------------
                   omsp_alu     8000        saed32rvt_ss0p75v125c automatic-by-area
DP_OP_74_122_7159  omsp_alu_DP_OP_74_122_7159_0 ForQA saed32rvt_ss0p75v125c automatic-by-area
DP_OP_77_125_7159  omsp_alu_DP_OP_77_125_7159_0 ForQA saed32rvt_ss0p75v125c automatic-by-area
DP_OP_77_126_9670  omsp_alu_DP_OP_77_126_9670_0 ForQA saed32rvt_ss0p75v125c automatic-by-area
DP_OP_75_123_7159  omsp_alu_DP_OP_75_123_7159_1 ForQA saed32rvt_ss0p75v125c automatic-by-area
DP_OP_78_127_5688  omsp_alu_DP_OP_78_127_5688_0 8000 saed32rvt_ss0p75v125c automatic-by-area
DP_OP_76_124_7159  omsp_alu_DP_OP_76_124_7159_0 ForQA saed32rvt_ss0p75v125c automatic-by-area

Power-specific unit information :
    Voltage Units = 1 V
    Capacitance Units = 0.001 pf
    Time Units = 1 ns
    Dynamic Power Units = 1 W
    Leakage Power Units = 1 W



                                      Int      Switch   Leak     Total
Hierarchy                             Power    Power    Power    Power    %
----------------------------------------------------------------------------------
omsp_alu                              1.84e-05 6.40e-06 3.71e-05 6.19e-05 100.0
  DP_OP_74_122_7159 (omsp_alu_DP_OP_74_122_7159_0) 8.26e-07 3.24e-07 7.85e-07 1.94e-06   3.1
  DP_OP_77_125_7159 (omsp_alu_DP_OP_77_125_7159_0) 1.01e-06 3.77e-07 7.79e-07 2.17e-06   3.5
  DP_OP_77_126_9670 (omsp_alu_DP_OP_77_126_9670_0) 2.19e-06 5.74e-07 3.11e-06 5.88e-06   9.5
  DP_OP_75_123_7159 (omsp_alu_DP_OP_75_123_7159_1) 1.70e-06 6.58e-07 1.83e-06 4.19e-06   6.8
  DP_OP_78_127_5688 (omsp_alu_DP_OP_78_127_5688_0) 6.15e-06 1.82e-06 1.34e-05 2.14e-05  34.5
  DP_OP_76_124_7159 (omsp_alu_DP_OP_76_124_7159_0) 9.81e-07 3.62e-07 7.81e-07 2.12e-06   3.4
1
