****************************************
Report : Averaged Power
	-cell_power
	-verbose
	-sort_by cell_internal_power
Design : omsp_min_exec
Version: V-2023.12-SP5-4
Date   : Mon May  4 21:37:22 2026
****************************************

Library(s) Used:

    saed32rvt_ss0p75v125c (File: /usr/local/synopsys/pdk/SAED32_EDK/lib/stdcell_rvt/db_nldm/saed32rvt_ss0p75v125c.db)


Operating Conditions: ss0p75v125c   Library: saed32rvt_ss0p75v125c
Wire Load Model Mode: enclosed

Cell               Design       Wire_model  Library       Selection_type
--------------------------------------------------------------------------------
                   omsp_min_exec
                                ForQA       saed32rvt_ss0p75v125c
                                                          automatic-by-area

Power-specific unit information :
    Voltage Units = 1 V
    Capacitance Units = 0.001 pf
    Time Units = 1 ns
    Dynamic Power Units = 1 W
    Leakage Power Units = 1 W



  Attributes
  ----------
      a  -  Annotated internal | leakage | switching power 
      b  -  Black-box (unresolved) cell
      c  -  Clock pin internal power only
      d  -  Does not include clock pin internal power
      h  -  Hierarchical cell

                        Internal  Switching Leakage   Total
Cell                    Power     Power     Power     Power    (     %)   Attrs
--------------------------------------------------------------------------------
U3                      6.688e-08 5.029e-09 3.643e-08 1.083e-07 ( 2.38%)  
U7                      6.651e-08 5.000e-09 3.643e-08 1.079e-07 ( 2.37%)  
U10                     6.649e-08 4.998e-09 3.643e-08 1.079e-07 ( 2.37%)  
U16                     6.632e-08 4.984e-09 3.643e-08 1.077e-07 ( 2.36%)  
U5                      6.608e-08 4.966e-09 3.643e-08 1.075e-07 ( 2.36%)  
U8                      6.589e-08 4.950e-09 3.643e-08 1.073e-07 ( 2.35%)  
U11                     6.588e-08 4.950e-09 3.643e-08 1.073e-07 ( 2.35%)  
U15                     6.566e-08 4.932e-09 3.643e-08 1.070e-07 ( 2.35%)  
U13                     6.552e-08 4.921e-09 3.643e-08 1.069e-07 ( 2.35%)  
U6                      6.549e-08 4.919e-09 3.643e-08 1.068e-07 ( 2.34%)  
U17                     6.534e-08 4.906e-09 3.643e-08 1.067e-07 ( 2.34%)  
U14                     6.498e-08 4.878e-09 3.643e-08 1.063e-07 ( 2.33%)  
U4                      6.496e-08 4.877e-09 3.643e-08 1.063e-07 ( 2.33%)  
U9                      6.424e-08 4.819e-09 3.643e-08 1.055e-07 ( 2.32%)  
U12                     5.639e-08 4.197e-09 3.643e-08 9.701e-08 ( 2.13%)  
C53                     4.964e-08 4.249e-09 3.615e-08 9.003e-08 ( 1.98%)  
U19                     4.534e-08    0.0000 3.743e-08 8.277e-08 ( 1.82%)  
U20                     4.534e-08    0.0000 3.743e-08 8.277e-08 ( 1.82%)  
U21                     4.534e-08    0.0000 3.743e-08 8.277e-08 ( 1.82%)  
U22                     4.534e-08    0.0000 3.743e-08 8.277e-08 ( 1.82%)  
U23                     4.534e-08    0.0000 3.743e-08 8.277e-08 ( 1.82%)  
U24                     4.534e-08    0.0000 3.743e-08 8.277e-08 ( 1.82%)  
U25                     4.534e-08    0.0000 3.743e-08 8.277e-08 ( 1.82%)  
U26                     4.534e-08    0.0000 3.743e-08 8.277e-08 ( 1.82%)  
U27                     4.534e-08    0.0000 3.743e-08 8.277e-08 ( 1.82%)  
U28                     4.534e-08    0.0000 3.743e-08 8.277e-08 ( 1.82%)  
U29                     4.534e-08    0.0000 3.743e-08 8.277e-08 ( 1.82%)  
U30                     4.534e-08    0.0000 3.743e-08 8.277e-08 ( 1.82%)  
U31                     4.534e-08    0.0000 3.743e-08 8.277e-08 ( 1.82%)  
U32                     4.534e-08    0.0000 3.743e-08 8.277e-08 ( 1.82%)  
U33                     4.534e-08    0.0000 3.743e-08 8.277e-08 ( 1.82%)  
U34                     4.534e-08    0.0000 3.743e-08 8.277e-08 ( 1.82%)  
C55                     3.897e-08 3.332e-09 3.505e-08 7.735e-08 ( 1.70%)  
C60                     3.832e-08 2.257e-07 3.505e-08 2.991e-07 ( 6.56%)  
C54                     3.802e-08 1.298e-08 3.505e-08 8.606e-08 ( 1.89%)  
I_1                     8.665e-09 1.981e-07 9.701e-09 2.165e-07 ( 4.75%)  
U35                     7.499e-09 2.467e-07 9.701e-09 2.639e-07 ( 5.79%)  
execution_unit_0           0.0000 4.886e-07    0.0000 4.886e-07 (10.72%)  b
frontend_0                 0.0000 1.142e-07    0.0000 1.142e-07 ( 2.51%)  b
--------------------------------------------------------------------------------
Totals (39 cells)       1.883e-06 1.367e-06 1.306e-06 4.556e-06 (100.0%)
1
