Information: Using automatic max wire load selection group 'predcaps'. (ENV-003)
Information: Using automatic min wire load selection group 'predcaps'. (ENV-003)
Warning: Some timing arcs have been disabled for breaking timing loops or because of constant propagation. Use the 'report_disable_timing' command to get the list of these disabled timing arcs. (PTE-003)
Information: Building multi voltage information for entire design. (MV-022)
Information: Running averaged power analysis... (PWR-601)
Information: Running power calculation with 4 threads. (PWR-602)
****************************************
Report : Averaged Power
	-hierarchy
	-verbose
	-nosplit
Design : omsp_min_exec
Version: V-2023.12-SP5-4
Date   : Tue Jun  2 23:21:51 2026
****************************************

Library(s) Used:

    saed32rvt_ss0p75v125c (File: /usr/local/synopsys/pdk/SAED32_EDK/lib/stdcell_rvt/db_nldm/saed32rvt_ss0p75v125c.db)


Operating Conditions: ss0p75v125c   Library: saed32rvt_ss0p75v125c
Wire Load Model Mode: enclosed

Cell               Design       Wire_model  Library       Selection_type
--------------------------------------------------------------------------------
                   omsp_min_exec 16000      saed32rvt_ss0p75v125c automatic-by-area
DP_OP_271_125_7087 omsp_min_exec_DP_OP_271_125_7087_1 ForQA saed32rvt_ss0p75v125c automatic-by-area
add_x_91           omsp_min_exec_DW01_add_4 ForQA saed32rvt_ss0p75v125c automatic-by-area
DP_OP_268_122_7087 omsp_min_exec_DP_OP_268_122_7087_0 ForQA saed32rvt_ss0p75v125c automatic-by-area
DP_OP_270_124_7087 omsp_min_exec_DP_OP_270_124_7087_1 ForQA saed32rvt_ss0p75v125c automatic-by-area
DP_OP_271_126_4915 omsp_min_exec_DP_OP_271_126_4915_0 ForQA saed32rvt_ss0p75v125c automatic-by-area
DP_OP_272_127_6441 omsp_min_exec_DP_OP_272_127_6441_0 8000 saed32rvt_ss0p75v125c automatic-by-area
DP_OP_269_123_7087 omsp_min_exec_DP_OP_269_123_7087_2 ForQA saed32rvt_ss0p75v125c automatic-by-area

Power-specific unit information :
    Voltage Units = 1 V
    Capacitance Units = 0.001 pf
    Time Units = 1 ns
    Dynamic Power Units = 1 W
    Leakage Power Units = 1 W



                                      Int      Switch   Leak     Total
Hierarchy                             Power    Power    Power    Power    %
----------------------------------------------------------------------------------
omsp_min_exec                         9.25e-05 1.38e-05 1.92e-04 2.98e-04 100.0
  DP_OP_271_125_7087 (omsp_min_exec_DP_OP_271_125_7087_1) 1.78e-06 6.35e-07 1.76e-06 4.17e-06   1.4
  add_x_91 (omsp_min_exec_DW01_add_4) 1.42e-06 7.33e-07 1.93e-06 4.09e-06   1.4
  DP_OP_268_122_7087 (omsp_min_exec_DP_OP_268_122_7087_0) 8.13e-07 2.84e-07 8.67e-07 1.96e-06   0.7
  DP_OP_270_124_7087 (omsp_min_exec_DP_OP_270_124_7087_1) 1.49e-06 5.80e-07 1.81e-06 3.88e-06   1.3
  DP_OP_271_126_4915 (omsp_min_exec_DP_OP_271_126_4915_0) 1.14e-06 3.47e-07 2.74e-06 4.23e-06   1.4
  DP_OP_272_127_6441 (omsp_min_exec_DP_OP_272_127_6441_0) 1.29e-07 7.32e-09 1.15e-05 1.16e-05   3.9
  DP_OP_269_123_7087 (omsp_min_exec_DP_OP_269_123_7087_2) 1.47e-06 6.03e-07 1.84e-06 3.91e-06   1.3
1
